Starting C01: 3699 input
Completed C01: p0_page, accepted=True
Starting C02: 4168 input
Completed C02: p0_page, accepted=True
Starting C03: 4626 input
Completed C03: p0_page, accepted=True
Starting C04: 5673 input
Completed C04: p0_page, accepted=True
Starting C05: 6183 input
Completed C05: read, accepted=True
Starting C06: 10925 input
Completed C06: read, accepted=True
Starting C07: 15303 input
Completed C07: p0_page, accepted=True
Starting C08: 15724 input
Completed C08: read, accepted=True
Starting C09: 20601 input
Completed C09: patch, accepted=True
Starting C10: 21443 input
Completed C10: read, accepted=True
Starting C11: 21065 input
Completed C11: patch, accepted=True
Starting C12: 22142 input
Completed C12: read, accepted=True
Starting C13: 22990 input
Completed C13: patch, accepted=True
Starting C14: 19469 input
Completed C14: search, accepted=True
Starting C15: 19889 input
Completed C15: p0_page, accepted=True
Starting C16: 20977 input
Completed C16: search, accepted=True
Starting C17: 21422 input
Completed C17: read, accepted=True
Starting C18: 21044 input
Completed C18: patch, accepted=True
Starting C19: 21909 input
Completed C19: p0_page, accepted=True
Starting C20: 22415 input
Completed C20: p0_page, accepted=True
Starting C21: 22830 input
Completed C21: search, accepted=True
Starting C22: 23279 input
Completed C22: read, accepted=True
Starting C23: 23556 input
Completed C23: search, accepted=True
Starting C24: 23794 input
Completed C24: p0_page, accepted=True
Starting C25: 23537 input
Completed C25: read, accepted=True
Starting C26: 20667 input
Completed C26: search, accepted=True
Starting C27: 21112 input
Completed C27: read, accepted=True
Starting C28: 20777 input
Completed C28: search, accepted=True
Starting C29: 21201 input
Completed C29: search, accepted=True
Starting C30: 21698 input
Completed C30: check, accepted=True
Starting C31: 22494 input
Completed C31: read, accepted=True
Starting C32: 23131 input
Completed C32: read, accepted=True
{'disposition': 'closed_development_attempt', 'sent_requests': 32, 'received_responses': 32, 'completed_responses': 32}
