focused 1 p0_page 3699 input; prefix 0
focused 2 check 4157 input; prefix 0
focused 3 read 5588 input; prefix 0
focused 4 patch 10482 input; prefix 0
focused 5 read 11305 input; prefix 0
focused 6 patch 16003 input; prefix 0
focused 7 read 17057 input; prefix 0
focused 8 patch 20248 input; prefix 0
focused 9 check 21091 input; prefix 0
focused 10 read 21903 input; prefix 0
focused 11 patch 22451 input; prefix 0
focused 12 read 23564 input; prefix 0
focused 13 patch 23065 input; prefix 3
focused 14 read 23773 input; prefix 4
focused 15 patch 20208 input; prefix 5
focused 16 check 21263 input; prefix 5
focused 17 submit 22277 input; prefix 5
full_target_reads 1 p0_page 3699 input; prefix 0
full_target_reads 2 read 4157 input; prefix 0
full_target_reads 3 read 9034 input; prefix 0
full_target_reads 4 read 13656 input; prefix 0
full_target_reads 5 read 18114 input; prefix 0
full_target_reads 6 read 23603 input; prefix 0
full_target_reads 7 read 20552 input; prefix 3
full_target_reads 8 read 21921 input; prefix 4
full_target_reads 9 read 21885 input; prefix 5
full_target_reads 10 read 21444 input; prefix 6
full_target_reads 11 read 21805 input; prefix 7
full_target_reads 12 read 22553 input; prefix 8
full_target_reads 13 read 22957 input; prefix 9
full_target_reads 14 patch 23172 input; prefix 10
full_target_reads 15 read 19311 input; prefix 11
full_target_reads 16 patch 20074 input; prefix 12
full_target_reads 17 read 21129 input; prefix 12
full_target_reads 18 patch 19935 input; prefix 13
full_target_reads 19 check 20778 input; prefix 13
full_target_reads 20 read 21591 input; prefix 13
full_target_reads 21 patch 22137 input; prefix 13
full_target_reads 22 read 23250 input; prefix 13
full_target_reads 23 patch 23637 input; prefix 15
full_target_reads 24 read 21437 input; prefix 17
full_target_reads 25 patch 22076 input; prefix 17
full_target_reads 26 check 23131 input; prefix 17
full_target_reads 27 submit 23765 input; prefix 19
rejected_guard 1 p0_page 3699 input; prefix 0
rejected_guard 2 check 4157 input; prefix 0
rejected_guard 3 read 5588 input; prefix 0
rejected_guard 4 patch 10482 input; prefix 0
rejected_guard 5 read 11305 input; prefix 0
rejected_guard 6 patch 16003 input; prefix 0
rejected_guard 7 patch 16631 input; prefix 0
rejected_guard 8 read 17685 input; prefix 0
rejected_guard 9 patch 20877 input; prefix 0
rejected_guard 10 check 21719 input; prefix 0
rejected_guard 11 read 22535 input; prefix 0
rejected_guard 12 patch 23080 input; prefix 0
rejected_guard 13 read 23322 input; prefix 2
rejected_guard 14 patch 23694 input; prefix 3
rejected_guard 15 read 20199 input; prefix 5
rejected_guard 16 patch 20837 input; prefix 5
rejected_guard 17 check 21892 input; prefix 5
rejected_guard 18 submit 22906 input; prefix 5
