focused 1 p0_page 3699 input; prefix 0
focused 2 check 4157 input; prefix 0
focused 3 read 5588 input; prefix 0
focused 4 patch 10482 input; prefix 0
focused 5 read 11305 input; prefix 0
focused 6 patch 16003 input; prefix 0
focused 7 read 17016 input; prefix 0
focused 8 patch 21714 input; prefix 0
focused 9 read 22536 input; prefix 0
focused 10 patch 20469 input; prefix 3
focused 11 check 21316 input; prefix 3
focused 12 read 22129 input; prefix 3
focused 13 patch 22674 input; prefix 3
focused 14 read 23645 input; prefix 3
focused 15 patch 19835 input; prefix 5
focused 16 read 20775 input; prefix 5
focused 17 patch 20965 input; prefix 7
focused 18 read 21841 input; prefix 7
focused 19 patch 22479 input; prefix 7
focused 20 read 23443 input; prefix 7
focused 21 patch 21245 input; prefix 9
focused 22 check 22091 input; prefix 9
focused 23 submit 23105 input; prefix 9
full_target_reads 1 p0_page 3699 input; prefix 0
full_target_reads 2 read 4157 input; prefix 0
full_target_reads 3 read 9034 input; prefix 0
full_target_reads 4 read 13656 input; prefix 0
full_target_reads 5 read 18114 input; prefix 0
full_target_reads 6 read 23603 input; prefix 0
full_target_reads 7 read 20552 input; prefix 3
full_target_reads 8 read 21921 input; prefix 4
full_target_reads 9 read 21885 input; prefix 5
full_target_reads 10 read 21444 input; prefix 6
full_target_reads 11 read 21805 input; prefix 7
full_target_reads 12 read 22553 input; prefix 8
full_target_reads 13 read 22957 input; prefix 9
full_target_reads 14 patch 23172 input; prefix 10
full_target_reads 15 read 19311 input; prefix 11
full_target_reads 16 patch 20074 input; prefix 12
full_target_reads 17 read 21088 input; prefix 12
full_target_reads 18 patch 21401 input; prefix 13
full_target_reads 19 read 22223 input; prefix 13
full_target_reads 20 patch 21044 input; prefix 15
full_target_reads 21 check 21887 input; prefix 15
full_target_reads 22 read 22700 input; prefix 15
full_target_reads 23 patch 23246 input; prefix 15
full_target_reads 24 read 19648 input; prefix 17
full_target_reads 25 patch 20210 input; prefix 17
full_target_reads 26 read 21150 input; prefix 17
full_target_reads 27 patch 23063 input; prefix 19
full_target_reads 28 read 23760 input; prefix 20
full_target_reads 29 patch 23782 input; prefix 24
full_target_reads 30 read 20206 input; prefix 26
full_target_reads 31 patch 20852 input; prefix 26
full_target_reads 32 check 21697 input; prefix 26
full_target_reads 33 submit 22711 input; prefix 26
rejected_guard 1 p0_page 3699 input; prefix 0
rejected_guard 2 check 4157 input; prefix 0
rejected_guard 3 read 5588 input; prefix 0
rejected_guard 4 patch 10482 input; prefix 0
rejected_guard 5 read 11305 input; prefix 0
rejected_guard 6 patch 16003 input; prefix 0
rejected_guard 7 patch 16611 input; prefix 0
rejected_guard 8 read 17624 input; prefix 0
rejected_guard 9 patch 22323 input; prefix 0
rejected_guard 10 read 23144 input; prefix 0
rejected_guard 11 patch 21082 input; prefix 3
rejected_guard 12 check 21925 input; prefix 3
rejected_guard 13 read 22738 input; prefix 3
rejected_guard 14 patch 23283 input; prefix 3
rejected_guard 15 read 19883 input; prefix 5
rejected_guard 16 patch 20444 input; prefix 5
rejected_guard 17 read 21384 input; prefix 5
rejected_guard 18 patch 21426 input; prefix 8
rejected_guard 19 read 22302 input; prefix 8
rejected_guard 20 patch 22940 input; prefix 8
rejected_guard 21 read 23749 input; prefix 9
rejected_guard 22 patch 21706 input; prefix 10
rejected_guard 23 check 22552 input; prefix 10
rejected_guard 24 submit 23566 input; prefix 10
