{
  "status": "post_seal_hidden_pass",
  "evaluator_execution_attempted": true,
  "evaluator_executed": true,
  "actor_feedback": false,
  "additional_model_or_native_calls": false,
  "response_seal_sha256": "9bfe049626221c1b91be59e209bf4e21c16a82c52022346ef803adb726e2b947",
  "evaluator_source_sha256": "577c1b1d93405a17a3be9ee5d7ee92876332101ca87ea4015849867e058624a7",
  "original_candidate_id": "476f83a90c40b0897e1ab5d6bc00bbb52cf3a4fe60cc11c1dd47ab3da85d0172",
  "candidate_id": "5c7eba4fbad9c51325a9abc4f4b27c5b8d9eedb5b344558b5921915ed854a49f",
  "candidate_record": "final-candidate.json",
  "candidate_record_sha256": "1b85f1e4d9e5b69f2ad280a27eabbe4baa24c6077165e6c0745b72b95b426384",
  "state_record_sha256": "3fca997ac2ab3425fefe1f5def05fb074f72015279989f364862f30da9ae49c6",
  "actor_disposition": "checked_submission",
  "actor_submitted": true,
  "actor_requests_used": 6,
  "actor_operations_used": 9,
  "evaluator_check_id": "hidden",
  "original_hidden_checker_sha256": "54bcbe9f2619c8892914ba446e80e1bfb7e2a12d24c862712e336473a50330a6",
  "original_task_sha256": "8c79408f30136165061cd4f97bc36103a3a0672709156775edb8db5d66126267",
  "original_public_checker_sha256": "2ef1e2251d125e85664b09653c9957a0f9eb0f4f23105a22e99feaa7c9f50530",
  "original_observation_provenance_preserved": true,
  "artifact_assessment": {
    "original_files": 25,
    "final_files": 25,
    "changed_paths": [
      "src/addressable_information_layer/summary_graph.py"
    ],
    "untouched_files": 24,
    "target_changed": true,
    "non_target_file_count": 24,
    "all_24_non_target_files_byte_identical": true,
    "changed_non_target_paths": [],
    "existing_public_declarations_preserved": true,
    "api_comparisons": {
      "src/addressable_information_layer/summary_graph.py": {
        "existing_public_declarations_preserved": true,
        "missing": [],
        "differing": [],
        "added": []
      }
    },
    "diffs": {
      "src/addressable_information_layer/summary_graph.py": "--- src/addressable_information_layer/summary_graph.py\n+++ src/addressable_information_layer/summary_graph.py\n@@ -65,10 +65,10 @@\n     stale_artifact_summary_ids = stale_summaries(summaries, address_maps)\n     current_summary_ids = sorted(summary.summary_id for summary in summaries.values())\n     graph_summary_ids = sorted(graph.artifact_summary_ids)\n-    collection_stale = bool(stale_artifact_summary_ids) and current_summary_ids != graph_summary_ids\n+    collection_stale = bool(stale_artifact_summary_ids) or current_summary_ids != graph_summary_ids\n     if graph.collection_summary is not None:\n         collection_stale = collection_stale or sorted(graph.collection_summary.input_hashes) != graph_summary_ids\n-    missing_artifact_ids = sorted(artifact_id for artifact_id in address_maps if artifact_id not in summaries)\n+    missing_artifact_ids = sorted(artifact_id for artifact_id in summaries if artifact_id not in address_maps)\n     return {\n         \"graph_id\": graph.graph_id,\n         \"unit_summary_count\": len(graph.unit_summary_ids),\n"
    },
    "interpretation_limits": [
      "Static declaration comparison is not a semantic equivalence proof; added declarations are reported, not prohibited.",
      "Unchanged bytes establish preservation for those files, not correct use of their contents.",
      "Collection-stale conditions, the existing collection-input comparison, deterministic missing-ID direction, identifiers and status representation require direct source review.",
      "The task permits a valid repair rather than a single reference patch; changed paths are assessed, not prescribed."
    ]
  },
  "limits": [
    "Original hidden repeats the public missing-map case, checks the fresh graph and differing graph IDs; it does not exhaust every collection-input, sorting or API preservation case.",
    "An evaluator hidden pass is separate from the actor public check and never supplied as actor feedback.",
    "A final candidate matching the historical OBS-0001 candidate does not make the new hidden execution a legacy serializer check; target and exact checker definition remain distinct.",
    "Inspection order, acquisition choice, interpretation and current public applicability require saved-run replay and direct transcript review."
  ],
  "hidden_passed": true,
  "observation": {
    "candidate_id": "5c7eba4fbad9c51325a9abc4f4b27c5b8d9eedb5b344558b5921915ed854a49f",
    "checker_sha256": "54bcbe9f2619c8892914ba446e80e1bfb7e2a12d24c862712e336473a50330a6",
    "check_id": "hidden",
    "observation": "CHK-0001",
    "started_at_utc": "2026-10-02T13:03:42.934903+00:00",
    "stream_limit_bytes": 1048576,
    "storage_limit_bytes": 134217728,
    "timeout_seconds": 30,
    "completed_at_utc": "2026-10-02T13:03:43.122414+00:00",
    "executed": true,
    "accepted": true,
    "returncode": 0,
    "termination": "completed",
    "capture_complete": true,
    "passed": true,
    "streams": {
      "stderr": {
        "captured_bytes": 0,
        "observed_pipe_bytes": 0,
        "sha256": "e3b0c44298fc1c149afbf4c8996fb92427ae41e4649b934ca495991b7852b855",
        "capture_limit_bytes": 1048576
      },
      "stdout": {
        "captured_bytes": 30,
        "observed_pipe_bytes": 30,
        "sha256": "060cda254e3a0abc5dd6d4365d3867bebd7465701e8746939fdee1a741552331",
        "capture_limit_bytes": 1048576
      }
    }
  },
  "immutable_actor_records_unchanged": true
}
