{
  "status": "recomputed_from_sealed_saved_wires_and_endpoints",
  "response_seal_sha256": "9bfe049626221c1b91be59e209bf4e21c16a82c52022346ef803adb726e2b947",
  "verification_sha256": "6dd4288ccd5ef86fd957d8a014ba0027011b779ab19f039e6c4159f6571935a0",
  "accounting_source_sha256": "0de47044292ac4b9c031b77c9c0f0019b9a82d4105b2f83788bf3f2d7b60b240",
  "accounting_core_sha256": "ac4aca13f47dcaa529dc86e55540e0ec9945027c13013d1d7442e8ff7b4e40e9",
  "disposition": "checked_submission",
  "fresh_original_entry": true,
  "inherited_requests": 0,
  "inherited_operations": 0,
  "totals": {
    "sent_requests": 6,
    "complete_responses_processed": 6,
    "sent_input_tokens": 52140,
    "generated_tokens_observed": 10931,
    "missing_generation_usage": 0,
    "model_request_seconds_observed": 694.0309999999881,
    "missing_request_duration": 0,
    "response_processing_seconds_observed": 13.595000000015716,
    "peak_sent_input_tokens": 10209,
    "peak_generated_tokens": 3808,
    "peak_input_plus_generation": 13548
  },
  "operations": 9,
  "operation_types": {
    "read": 1,
    "record_account": 3,
    "reopen_observation": 1,
    "patch": 2,
    "check": 1,
    "submit": 1
  },
  "native_measurements_including_unsent": 10,
  "peak_native_input_including_unsent": 10209,
  "task_loop_seconds": 725.6570000000065,
  "final_feedback_has_no_later_request": true,
  "final_candidate_id": "5c7eba4fbad9c51325a9abc4f4b27c5b8d9eedb5b344558b5921915ed854a49f",
  "submitted": true,
  "runtime_closure": {
    "dedicated_port_free": true,
    "effective_runtime": {
      "context_matches": true,
      "cuda_failure_observed": false,
      "full_offload": true,
      "mtp_disabled": true,
      "q4_k_and_v": true,
      "truncation_observed": false
    },
    "memory": {
      "max_free_mib": 11625,
      "min_free_mib": 242,
      "samples": 3557
    },
    "owned_server_shutdown_verified": true
  },
  "calls": [
    {
      "id": "C01",
      "input_tokens": 5801,
      "generated_tokens": 221,
      "input_plus_generation": 6022,
      "cached_input_tokens": 0,
      "model_seconds": 23.702999999994063,
      "complete_response_processed": true,
      "processing_seconds": 1.4220000000059372,
      "prepared_feedback_input_tokens": 8057,
      "input_mode": "ordinary",
      "requests_used_before_response": 0,
      "operations_used_before_response": 0,
      "saved_endpoint_response_status": "saved_json"
    },
    {
      "id": "C02",
      "input_tokens": 8057,
      "generated_tokens": 1478,
      "input_plus_generation": 9535,
      "cached_input_tokens": 0,
      "model_seconds": 94.35899999999674,
      "complete_response_processed": true,
      "processing_seconds": 3.0469999999913853,
      "prepared_feedback_input_tokens": 8727,
      "input_mode": "ordinary",
      "requests_used_before_response": 1,
      "operations_used_before_response": 1,
      "saved_endpoint_response_status": "saved_json"
    },
    {
      "id": "C03",
      "input_tokens": 8727,
      "generated_tokens": 1178,
      "input_plus_generation": 9905,
      "cached_input_tokens": 0,
      "model_seconds": 80.92199999999139,
      "complete_response_processed": true,
      "processing_seconds": 1.4689999999973224,
      "prepared_feedback_input_tokens": 9606,
      "input_mode": "ordinary",
      "requests_used_before_response": 2,
      "operations_used_before_response": 3,
      "saved_endpoint_response_status": "saved_json"
    },
    {
      "id": "C04",
      "input_tokens": 9606,
      "generated_tokens": 3394,
      "input_plus_generation": 13000,
      "cached_input_tokens": 0,
      "model_seconds": 202.25,
      "complete_response_processed": true,
      "processing_seconds": 1.4840000000112923,
      "prepared_feedback_input_tokens": 9740,
      "input_mode": "ordinary",
      "requests_used_before_response": 3,
      "operations_used_before_response": 4,
      "saved_endpoint_response_status": "saved_json"
    },
    {
      "id": "C05",
      "input_tokens": 9740,
      "generated_tokens": 3808,
      "input_plus_generation": 13548,
      "cached_input_tokens": 0,
      "model_seconds": 224.96899999999732,
      "complete_response_processed": true,
      "processing_seconds": 3.1570000000065193,
      "prepared_feedback_input_tokens": 10209,
      "input_mode": "ordinary",
      "requests_used_before_response": 4,
      "operations_used_before_response": 5,
      "saved_endpoint_response_status": "saved_json"
    },
    {
      "id": "C06",
      "input_tokens": 10209,
      "generated_tokens": 852,
      "input_plus_generation": 11061,
      "cached_input_tokens": 0,
      "model_seconds": 67.82800000000861,
      "complete_response_processed": true,
      "processing_seconds": 3.0160000000032596,
      "prepared_feedback_input_tokens": 9596,
      "input_mode": "ordinary",
      "requests_used_before_response": 5,
      "operations_used_before_response": 7,
      "saved_endpoint_response_status": "saved_json"
    }
  ],
  "no_additional_checker_model_or_native_execution": true,
  "interpretation_limits": [
    "Native sizing maxima include rejected/unsent proposals and are not sent input maxima.",
    "Unavailable generation or timing remains unknown rather than estimated.",
    "Generated usage includes thinking and final output; accounting does not identify wasted reasoning.",
    "Named source inspection, model interpretation, hidden acceptance and artifact preservation require separate audits.",
    "A prepared final receipt is not delivered to a nonexistent following request."
  ]
}
