{
  "status": "replayed_exactly",
  "completed_replies": 6,
  "requests_used": 6,
  "actual_operations": 9,
  "native_inputs": 10,
  "custody_records": 150,
  "checked_state_snapshots": 11,
  "source_files": 444,
  "fresh_original_entry": true,
  "initial_candidate_id": "476f83a90c40b0897e1ab5d6bc00bbb52cf3a4fe60cc11c1dd47ab3da85d0172",
  "submitted": true,
  "final_candidate_id": "5c7eba4fbad9c51325a9abc4f4b27c5b8d9eedb5b344558b5921915ed854a49f",
  "terminal_response": null,
  "observations": {
    "CHK-0007": {
      "candidate_id": "5c7eba4fbad9c51325a9abc4f4b27c5b8d9eedb5b344558b5921915ed854a49f",
      "checker_sha256": "2ef1e2251d125e85664b09653c9957a0f9eb0f4f23105a22e99feaa7c9f50530",
      "scope": "public",
      "passed": true,
      "termination": "completed",
      "capture_complete": true,
      "streams": {
        "stderr": {
          "capture_limit_bytes": 1048576,
          "captured_bytes": 0,
          "observed_pipe_bytes": 0,
          "sha256": "e3b0c44298fc1c149afbf4c8996fb92427ae41e4649b934ca495991b7852b855"
        },
        "stdout": {
          "capture_limit_bytes": 1048576,
          "captured_bytes": 15,
          "observed_pipe_bytes": 15,
          "sha256": "54f607c3002e2960c1eeda459e203edcd3148542bde1d19c54c5a622ddb6c374"
        }
      }
    }
  },
  "observations_replayed_without_execution": 1,
  "source_closure_and_preparation_verified": true,
  "every_saved_checkpoint_restored": true,
  "no_additional_checker_execution": true,
  "no_additional_model_inference": true,
  "no_additional_tokenization": true,
  "owned_runtime_closed": true,
  "executed_manifest_sha256": "44871744bc97e318413967c9343e9d6c25bbd51101b7b20f07f616127f5adabc",
  "preparation_seal_sha256": "072a4c40cb1678260720fecb3c9d2c9bb59ce3287774f582032a3566c14a258b",
  "verification_source_sha256": "8a2b7bd23141f78b171e7811951ed965ee1b8319806c6400ff583725f6a32ec4",
  "runner_source_sha256": "195ab0668f7fc0f504c7cda917d6a317b0b56d2da0bfa9182338b794d019caed",
  "interpretation_and_artifact_review_required": true,
  "response_seal_sha256": "9bfe049626221c1b91be59e209bf4e21c16a82c52022346ef803adb726e2b947",
  "records_sha256": "3b1c87f3e0370b09dbb67c7b2d874ae09e13857aa577a1a94fbcb4585b454b9f",
  "strong_replay_core_sha256": "0c62d4c9d6285901d9d8c8017c2d366442148d26f12d422e2ce750f477532ed6",
  "reference_replay_core_sha256": "6f01393b6db585a1071462afa3a7dbea3691614135112c59529d01f00b7afdd8",
  "reference_core_replayed": true,
  "reference_core_scope": "Unchanged reference core on supported endpoint shapes with both actually saved extracted files; other stopped response shapes are verified by the stronger existing core without normalizing recorded evidence.",
  "entry": "fresh_original_E19_OBS_SUMMARY_GRAPH_current_host_functional_requalification",
  "hidden_evaluator_not_executed": true,
  "named_source_inspection_and_semantic_artifact_review_required": true,
  "imported_observation_bindings_unchanged": true,
  "capture_inspection_source_sha256": "a51e014c82696ee7310f1c3403effbe3783b99e627a5032c663dae1af3e78af4",
  "imported_acquisitions": [
    {
      "sequence": 3,
      "handle": "OBS-0002",
      "accepted": true,
      "bound_capture_verified": true
    }
  ],
  "capture_presentations": [
    {
      "request_file": "calls/C01-wire-request.json",
      "actual_capture_bytes_shown": []
    },
    {
      "request_file": "calls/C02-wire-request.json",
      "actual_capture_bytes_shown": []
    },
    {
      "request_file": "calls/C03-wire-request.json",
      "actual_capture_bytes_shown": [
        {
          "origin": "latest_feedback",
          "handle": "OBS-0002",
          "representation": "complete_capture_receipt",
          "result_handle": "RES-0003",
          "content_bytes": 336,
          "content_sha256": "ded69e6122e96655d3839d13402c2a36d3533fe61c91f55a889c9f7dfbe101c9"
        }
      ]
    },
    {
      "request_file": "calls/C04-wire-request.json",
      "actual_capture_bytes_shown": [
        {
          "origin": "working_set.saved_results",
          "handle": "OBS-0002",
          "result_handle": "RES-0003",
          "representation": "serialized_capture_receipt_page",
          "offset": 0,
          "end_offset": 756,
          "shown_bytes": 756,
          "total_bytes": 756,
          "complete_receipt_shown": true,
          "page_sha256": "fd8037fa29a73f60b22dabfba5105fe66fae1f4dc19792497a4b2b2258abe17a"
        }
      ]
    },
    {
      "request_file": "calls/C05-wire-request.json",
      "actual_capture_bytes_shown": [
        {
          "origin": "working_set.saved_results",
          "handle": "OBS-0002",
          "result_handle": "RES-0003",
          "representation": "serialized_capture_receipt_page",
          "offset": 0,
          "end_offset": 756,
          "shown_bytes": 756,
          "total_bytes": 756,
          "complete_receipt_shown": true,
          "page_sha256": "fd8037fa29a73f60b22dabfba5105fe66fae1f4dc19792497a4b2b2258abe17a"
        }
      ]
    },
    {
      "request_file": "calls/C06-wire-request.json",
      "actual_capture_bytes_shown": [
        {
          "origin": "working_set.saved_results",
          "handle": "OBS-0002",
          "result_handle": "RES-0003",
          "representation": "serialized_capture_receipt_page",
          "offset": 0,
          "end_offset": 756,
          "shown_bytes": 756,
          "total_bytes": 756,
          "complete_receipt_shown": true,
          "page_sha256": "fd8037fa29a73f60b22dabfba5105fe66fae1f4dc19792497a4b2b2258abe17a"
        }
      ]
    }
  ],
  "capture_delivery_does_not_establish_interpretation": true
}
