{
  "case": "E12-SOURCE-ORBIT",
  "version": "001",
  "original_contract_completed": true,
  "assessment_sha256": "b1fb9257a47d2b1b8765507463f5ed702b9f406d35109bc687d01c77b593a6af",
  "supplement_source_sha256": "2b7cba8ddc2561cad6739afe3c4b127e94fedb5f3dac0e9b7cd32d9aa7b41a01",
  "conservative_screen_retained": {
    "overall": false,
    "explicit_p0_page": false,
    "byte_identical_b_name": false
  },
  "actual_root_p0_then_search_route": true,
  "name_behavior_at_completed_boundaries_preserved": true,
  "independent_behavior_checks": [
    {
      "label": "name_behavior_at_completed_B",
      "candidate_id": "9f0e01fa9e503abf2792c0a6beb126e7294b1f63811e9e8baba7ad949c7c46db",
      "program_sha256": "b6e8233b33c73899b12e30d6b655f58e689384139a345df24769a5b54dc1b2c8",
      "returncode": 0,
      "stdout": "[\"orbit-\", \"orbit-a\", \"orbit-mix\", \"orbit-strasse\", \"orbit-\u00e5ss\", \"orbit-name\", \"orbit-i\u0307\", \"orbit-\u03c3\u03c3\u03c3\"]\r\n",
      "stderr": ""
    },
    {
      "label": "name_behavior_at_completed_C",
      "candidate_id": "6f2c48dd4733b9983a3070388f6e1a02b741f4a87d04c5b38c75aabe7d03024c",
      "program_sha256": "b6e8233b33c73899b12e30d6b655f58e689384139a345df24769a5b54dc1b2c8",
      "returncode": 0,
      "stdout": "[\"orbit-\", \"orbit-a\", \"orbit-mix\", \"orbit-strasse\", \"orbit-\u00e5ss\", \"orbit-name\", \"orbit-i\u0307\", \"orbit-\u03c3\u03c3\u03c3\"]\r\n",
      "stderr": ""
    },
    {
      "label": "name_behavior_at_completed_D",
      "candidate_id": "d18654b3d8a85c6ff9a8c2b473427ae75fb73cd7be7f6023a3978a96f9b63a76",
      "program_sha256": "b6e8233b33c73899b12e30d6b655f58e689384139a345df24769a5b54dc1b2c8",
      "returncode": 0,
      "stdout": "[\"orbit-\", \"orbit-a\", \"orbit-mix\", \"orbit-strasse\", \"orbit-\u00e5ss\", \"orbit-name\", \"orbit-i\u0307\", \"orbit-\u03c3\u03c3\u03c3\"]\r\n",
      "stderr": ""
    }
  ],
  "evidence": [
    "C09 actual root P0 and requested search; C10 exact policy acquisition; C11 actual policy input before edit.",
    "C21 failed C check is retained. C24 repairs the dynamic dependency; C25 passes and C26 consumes the pass.",
    "C27 reacquires current post-C policy; C28 uses it before the footer edit. C30 consumes the actual D pass."
  ],
  "limits": [
    "This is a separately declared post-run interpretation of the original contract, not a changed screen.",
    "The intermediate C policy edit did regress names; preservation holds after the recorded correction at completion.",
    "Root orientation plus directory search is an alternative to an additional p0_page request.",
    "Examples assess saved behavior; they are not independent model trials or proof of arbitrary future policy changes."
  ]
}
