{
  "case": "E12-SOURCE-ORBIT",
  "original_contract_screen_passed": false,
  "changed_files": [
    "api/footer.py",
    "api/name.py",
    "policies/current.py",
    "workflow/progress.py"
  ],
  "coverage": {
    "A": [
      {
        "path": "records_a/module_000.py",
        "file_sha256": "6f4ce1d056324fe139f79346303c10dbf6210223f89339cbce464d39144127b7",
        "file_total_lines": 182,
        "previously_presented_ranges": [
          [
            1,
            182
          ]
        ],
        "complete": true
      },
      {
        "path": "records_a/module_001.py",
        "file_sha256": "a76a9d850c306525a715e2cb0cc4425098a27cb603fe28865824bff3eff7693b",
        "file_total_lines": 182,
        "previously_presented_ranges": [
          [
            1,
            182
          ]
        ],
        "complete": true
      }
    ],
    "B": [
      {
        "path": "records_b/module_000.py",
        "file_sha256": "758f6edced31d94a1aff661b900a39bed1174edf7cf04e65d740c6505aa053b9",
        "file_total_lines": 182,
        "previously_presented_ranges": [
          [
            1,
            182
          ]
        ],
        "complete": true
      },
      {
        "path": "records_b/module_001.py",
        "file_sha256": "5249802572d0a19e5a1ca3f80fafbabc5f833eb8565c74eae93b84a23602c161",
        "file_total_lines": 182,
        "previously_presented_ranges": [
          [
            1,
            182
          ]
        ],
        "complete": true
      }
    ],
    "C": [
      {
        "path": "records_c/module_000.py",
        "file_sha256": "a84c400d32ef3e9fc8ec534c6566285794b731597e0b521ba3cc4f0a41697bf9",
        "file_total_lines": 182,
        "previously_presented_ranges": [
          [
            1,
            182
          ]
        ],
        "complete": true
      },
      {
        "path": "records_c/module_001.py",
        "file_sha256": "1d3817f480caa432bcc88f18903ea350d3c14ec9b3374a4bab5921a5fa7da9e7",
        "file_total_lines": 182,
        "previously_presented_ranges": [
          [
            1,
            182
          ]
        ],
        "complete": true
      }
    ],
    "D": []
  },
  "checks": [
    {
      "label": "original_A",
      "candidate_id": "ad2df9730220fc8cae8b1f452d33e06ac0a33d1b3c0089b6a6cccdbd8bd19e60",
      "program_sha256": "58a04226518cb70b9948374903c7108231d6f9bc356b06b0b925e3111f35229a",
      "returncode": 0,
      "stdout": "phase A passed\r\n",
      "stderr": ""
    },
    {
      "label": "original_B",
      "candidate_id": "9f0e01fa9e503abf2792c0a6beb126e7294b1f63811e9e8baba7ad949c7c46db",
      "program_sha256": "d07806bb74ff5d07c6ff4126a832790be26fa7ad21f57ab3d4f9abf19dc5ffbc",
      "returncode": 0,
      "stdout": "phase B passed\r\n",
      "stderr": ""
    },
    {
      "label": "original_C",
      "candidate_id": "6f2c48dd4733b9983a3070388f6e1a02b741f4a87d04c5b38c75aabe7d03024c",
      "program_sha256": "f1ae6b8b4152f78b069a8dd63f12b530c852ba50d9fdeb0568a3b0d304888ee3",
      "returncode": 0,
      "stdout": "phase C passed\r\n",
      "stderr": ""
    },
    {
      "label": "original_D_on_final",
      "candidate_id": "d18654b3d8a85c6ff9a8c2b473427ae75fb73cd7be7f6023a3978a96f9b63a76",
      "program_sha256": "3b586f5c1248150b27bb028d895525d1995aaa414e11ed4c2f7998ca72643bb0",
      "returncode": 0,
      "stdout": "public passed\r\n",
      "stderr": ""
    },
    {
      "label": "independent_final_examples",
      "candidate_id": "d18654b3d8a85c6ff9a8c2b473427ae75fb73cd7be7f6023a3978a96f9b63a76",
      "program_sha256": "5acb5ec394ef16b88a4f2f8ae92e72def497f85b95ccad80fa97e3348d38ea27",
      "returncode": 0,
      "stdout": "[{\"value\": \"\", \"name\": \"orbit-\", \"footer\": \"zenith-\"}, {\"value\": \" a \", \"name\": \"orbit-a\", \"footer\": \"zenith-A\"}, {\"value\": \" MiX \", \"name\": \"orbit-mix\", \"footer\": \"zenith-MIX\"}, {\"value\": \" Stra\u00dfe \", \"name\": \"orbit-strasse\", \"footer\": \"zenith-STRASSE\"}, {\"value\": \" \u00c5\u00df \", \"name\": \"orbit-\u00e5ss\", \"footer\": \"zenith-\u00c5SS\"}, {\"value\": \"\\tNAME\\n\", \"name\": \"orbit-name\", \"footer\": \"zenith-NAME\"}, {\"value\": \" \u0130 \", \"name\": \"orbit-i\u0307\", \"footer\": \"zenith-\u0130\"}, {\"value\": \" \u03a3\u03c2\u03c3 \", \"name\": \"orbit-\u03c3\u03c3\u03c3\", \"footer\": \"zenith-\u03a3\u03a3\u03a3\"}]\r\n",
      "stderr": ""
    }
  ],
  "metrics": {
    "sent_requests": 30,
    "complete_responses_processed": 30,
    "sent_input_tokens": 416807,
    "generated_tokens_observed": 34771,
    "missing_generation_usage": 0,
    "model_request_seconds_observed": 2868.094000000041,
    "missing_request_duration": 0,
    "response_processing_seconds_observed": 208.08100000047125,
    "peak_sent_input_tokens": 23794,
    "peak_generated_tokens": 6650,
    "peak_input_plus_generation": 24534
  }
}
