{
  "status": "qualified",
  "cases": [
    {
      "case": "C02",
      "variant": "proportional_only",
      "raw_input_tokens": 7294,
      "admitted_input_tokens": 7294,
      "following_input_tokens": 22685,
      "input_mode": "ordinary",
      "following_mode": "ordinary",
      "action": "work_on",
      "accepted": true,
      "candidate_unchanged": true,
      "exact_restoration": true
    },
    {
      "case": "C02",
      "variant": "completed_regions",
      "raw_input_tokens": 7294,
      "admitted_input_tokens": 7294,
      "following_input_tokens": 22694,
      "input_mode": "ordinary",
      "following_mode": "ordinary",
      "action": "work_on",
      "accepted": true,
      "candidate_unchanged": true,
      "exact_restoration": true
    },
    {
      "case": "C17",
      "variant": "proportional_only",
      "raw_input_tokens": 23841,
      "admitted_input_tokens": 23599,
      "following_input_tokens": 22735,
      "input_mode": "ordinary",
      "following_mode": "ordinary",
      "action": "work_on",
      "accepted": true,
      "candidate_unchanged": true,
      "exact_restoration": true
    },
    {
      "case": "C17",
      "variant": "completed_regions",
      "raw_input_tokens": 23841,
      "admitted_input_tokens": 23599,
      "following_input_tokens": 22757,
      "input_mode": "ordinary",
      "following_mode": "ordinary",
      "action": "work_on",
      "accepted": true,
      "candidate_unchanged": true,
      "exact_restoration": true
    },
    {
      "case": "C19",
      "variant": "proportional_only",
      "raw_input_tokens": 22246,
      "admitted_input_tokens": 22246,
      "following_input_tokens": 22733,
      "input_mode": "ordinary",
      "following_mode": "ordinary",
      "action": "work_on",
      "accepted": true,
      "candidate_unchanged": true,
      "exact_restoration": true
    },
    {
      "case": "C19",
      "variant": "completed_regions",
      "raw_input_tokens": 22246,
      "admitted_input_tokens": 22246,
      "following_input_tokens": 22736,
      "input_mode": "ordinary",
      "following_mode": "ordinary",
      "action": "work_on",
      "accepted": true,
      "candidate_unchanged": true,
      "exact_restoration": true
    },
    {
      "case": "C20",
      "variant": "proportional_only",
      "raw_input_tokens": 23313,
      "admitted_input_tokens": 23313,
      "following_input_tokens": 22743,
      "input_mode": "ordinary",
      "following_mode": "ordinary",
      "action": "work_on",
      "accepted": true,
      "candidate_unchanged": true,
      "exact_restoration": true
    },
    {
      "case": "C20",
      "variant": "completed_regions",
      "raw_input_tokens": 23313,
      "admitted_input_tokens": 23313,
      "following_input_tokens": 22746,
      "input_mode": "ordinary",
      "following_mode": "ordinary",
      "action": "work_on",
      "accepted": true,
      "candidate_unchanged": true,
      "exact_restoration": true
    },
    {
      "case": "C22",
      "variant": "proportional_only",
      "raw_input_tokens": 22494,
      "admitted_input_tokens": 22494,
      "following_input_tokens": 22606,
      "input_mode": "ordinary",
      "following_mode": "ordinary",
      "action": "work_on",
      "accepted": true,
      "candidate_unchanged": true,
      "exact_restoration": true
    },
    {
      "case": "C22",
      "variant": "completed_regions",
      "raw_input_tokens": 22494,
      "admitted_input_tokens": 22494,
      "following_input_tokens": 22609,
      "input_mode": "ordinary",
      "following_mode": "ordinary",
      "action": "work_on",
      "accepted": true,
      "candidate_unchanged": true,
      "exact_restoration": true
    },
    {
      "case": "C26",
      "variant": "completed_regions",
      "raw_input_tokens": 23677,
      "admitted_input_tokens": 23677,
      "following_input_tokens": 22638,
      "input_mode": "ordinary",
      "following_mode": "ordinary",
      "action": "work_on",
      "accepted": true,
      "candidate_unchanged": true,
      "exact_restoration": true
    },
    {
      "case": "C10",
      "variant": "completed_regions",
      "raw_input_tokens": 23863,
      "admitted_input_tokens": 23801,
      "following_input_tokens": 7723,
      "input_mode": "ordinary",
      "following_mode": "recovery",
      "action": "read",
      "accepted": false,
      "candidate_unchanged": true,
      "exact_restoration": true
    },
    {
      "case": "C11",
      "variant": "completed_regions",
      "raw_input_tokens": 7723,
      "admitted_input_tokens": 7723,
      "following_input_tokens": 17529,
      "input_mode": "recovery",
      "following_mode": "ordinary",
      "action": "work_on",
      "accepted": true,
      "candidate_unchanged": true,
      "exact_restoration": true
    }
  ],
  "route_steps": 12,
  "crowded_steps": 6,
  "completion_requests": 0
}
