test_basic_interpolation_missing_reference (review_saved_tests.InterpolationMissingOptionErrorTransportTestCase.test_basic_interpolation_missing_reference) ... FAIL
test_extended_interpolation_missing_cross_section (review_saved_tests.InterpolationMissingOptionErrorTransportTestCase.test_extended_interpolation_missing_cross_section) ... FAIL
test_extended_interpolation_missing_reference (review_saved_tests.InterpolationMissingOptionErrorTransportTestCase.test_extended_interpolation_missing_reference) ... FAIL

======================================================================
FAIL: test_basic_interpolation_missing_reference (review_saved_tests.InterpolationMissingOptionErrorTransportTestCase.test_basic_interpolation_missing_reference)
----------------------------------------------------------------------
Traceback (most recent call last):
  File "saved_tests.py", line 99, in test_basic_interpolation_missing_reference
  File "saved_tests.py", line 60, in _assert_error_transport
AssertionError: <class 'configparser._ReviewLookupSubclass'> is not <class 'configparser.InterpolationMissingOptionError'>

======================================================================
FAIL: test_extended_interpolation_missing_cross_section (review_saved_tests.InterpolationMissingOptionErrorTransportTestCase.test_extended_interpolation_missing_cross_section)
----------------------------------------------------------------------
Traceback (most recent call last):
  File "saved_tests.py", line 142, in test_extended_interpolation_missing_cross_section
  File "saved_tests.py", line 60, in _assert_error_transport
AssertionError: <class 'configparser._ReviewLookupSubclass'> is not <class 'configparser.InterpolationMissingOptionError'>

======================================================================
FAIL: test_extended_interpolation_missing_reference (review_saved_tests.InterpolationMissingOptionErrorTransportTestCase.test_extended_interpolation_missing_reference)
----------------------------------------------------------------------
Traceback (most recent call last):
  File "saved_tests.py", line 122, in test_extended_interpolation_missing_reference
  File "saved_tests.py", line 60, in _assert_error_transport
AssertionError: <class 'configparser._ReviewLookupSubclass'> is not <class 'configparser.InterpolationMissingOptionError'>

----------------------------------------------------------------------
Ran 3 tests in 0.009s

FAILED (failures=3)
