{
  "candidate_id": "f8c299f79fa9b605b5b0540de3f16adf67b54b784fcececab94f21744d1d9cc3",
  "response_seal_sha256": "a535e1b3f6beaad94d4d3e83a24642eddc9ca301b51183e24e0b62281cc7e3ee",
  "exact_replay_sha256": "e90a8392e92b30ddb4635d9cac68536542fc33ba49ef66ba612dda8dbbeb44e5",
  "assessor_sha256": "f8f18def3306a7d01fd24cfa682b42e9bd746d5100b1dcf6a5e3adfa627e71c4",
  "submitted": false,
  "changed_files": [
    "Lib/configparser.py"
  ],
  "preserved_old_tests_support_and_license": true,
  "no_other_file_changes": true,
  "checker_passed": false,
  "ordinary_suite_passed": false,
  "direct_contract_passed": false,
  "new_tests_detect_unsafe_baseline": false,
  "report_counts": {
    "upstream": {
      "tests": 362,
      "failures": 1,
      "errors": 0,
      "skipped": 5,
      "successful": false
    },
    "contract": {
      "tests": 14,
      "failures": 1,
      "errors": 25,
      "skipped": 0,
      "successful": false
    },
    "candidate_tests": {
      "tests": 0,
      "failures": 0,
      "errors": 0,
      "skipped": 0,
      "successful": true
    },
    "new_tests_on_original": {
      "tests": 0,
      "failures": 0,
      "errors": 0,
      "skipped": 0,
      "successful": true
    }
  },
  "direct_code_test_and_prose_review_required": true,
  "evaluation_returned_to_actor": false,
  "no_new_model_inference": true
}
