{
  "status": "replayed_exactly",
  "completed_replies": 9,
  "requests_used": 9,
  "actual_operations": 12,
  "native_inputs": 13,
  "custody_records": 201,
  "checked_state_snapshots": 14,
  "source_files": 515,
  "fresh_original_entry": true,
  "initial_candidate_id": "4be95d88223269e05bbb366cad6169872d74b8a82a14f2622bf8a4cffd8e96da",
  "submitted": false,
  "final_candidate_id": "f8c299f79fa9b605b5b0540de3f16adf67b54b784fcececab94f21744d1d9cc3",
  "terminal_response": null,
  "observations": {},
  "observations_replayed_without_execution": 0,
  "source_closure_and_preparation_verified": true,
  "every_saved_checkpoint_restored": true,
  "no_additional_checker_execution": true,
  "no_additional_model_inference": true,
  "no_additional_tokenization": true,
  "owned_runtime_closed": true,
  "executed_manifest_sha256": "7c9a8256722303cd58b336fe838238575b503a4e358ede33cf608f78e0f2c9c4",
  "preparation_seal_sha256": "1046d85902421567ad99e9c0512201508fedb8fa1eff4f2111e9b9254c4454c7",
  "verification_source_sha256": "0c62d4c9d6285901d9d8c8017c2d366442148d26f12d422e2ce750f477532ed6",
  "runner_source_sha256": "195ab0668f7fc0f504c7cda917d6a317b0b56d2da0bfa9182338b794d019caed",
  "interpretation_and_artifact_review_required": true,
  "adapter_sha256": "4accfdd305636600f124a861094e397dc26fb60e848df863dfb236b23b7e58e5",
  "adapted_core_sha256": "75d27a745ea664b2688e87b933083b1fe3302b3839c13b3a1d14e58c51ac75c2"
}
