{
  "status": "replayed_exactly",
  "case": "E14-STALE-SABLE",
  "preparation_seal_sha256": "466ed47b0b795c4c87cb34d399d984c55c3a3911d22c8e44ea857ab637f0ca78",
  "artifacts": 317,
  "source_bindings": 764,
  "custody_records": 163,
  "native_inputs": 13,
  "native_forms": 36,
  "scripted_decisions": 12,
  "submitted": true,
  "original_history_preserved": true,
  "no_model_inference": true,
  "original_capture_custody_verified": 12,
  "no_additional_tokenization": true,
  "no_additional_checker_execution": true,
  "verifier_sha256": "28bfc0d0a481b1889a6204cb2ba3ae66a8107f73c7bab56890eb952ef371aa88",
  "post_seal_verifier_correction": "validate_qualification_envelope_before_domain_payload",
  "supplemental_verifier_sha256": "0480d7601774695452b4886edc93a08618c5a1c7be5a2ec2e555b3421fc48dc8",
  "unchanged_domain_verifier_sha256": "4bdb396b97cf729ef2730faab2a116fe249a547c7b6880de66ad9bcaad157a2f"
}
