{
  "status": "replayed_exactly",
  "completed_replies": 3,
  "requests_used": 3,
  "actual_operations": 4,
  "native_inputs": 5,
  "custody_records": 79,
  "checked_state_snapshots": 6,
  "source_files": 761,
  "original_constructed_boundary": true,
  "inherited_setup_operations": 5,
  "initial_candidate_id": "c63cd2d3aa1aa7e9111b74d5a6a1a9fd104d2d7fc3c1acd3a44637f2d7167868",
  "submitted": true,
  "final_candidate_id": "c63cd2d3aa1aa7e9111b74d5a6a1a9fd104d2d7fc3c1acd3a44637f2d7167868",
  "terminal_response": null,
  "observations": {
    "CHK-0008": {
      "candidate_id": "c63cd2d3aa1aa7e9111b74d5a6a1a9fd104d2d7fc3c1acd3a44637f2d7167868",
      "checker_sha256": "74c3af2ae3171a3e1d347a93e41c73403961cdd735e77544db803c95d4d4341f",
      "scope": "public",
      "passed": true,
      "termination": "completed",
      "capture_complete": true,
      "streams": {
        "stderr": {
          "capture_limit_bytes": 1048576,
          "captured_bytes": 0,
          "observed_pipe_bytes": 0,
          "sha256": "e3b0c44298fc1c149afbf4c8996fb92427ae41e4649b934ca495991b7852b855"
        },
        "stdout": {
          "capture_limit_bytes": 1048576,
          "captured_bytes": 15,
          "observed_pipe_bytes": 15,
          "sha256": "54f607c3002e2960c1eeda459e203edcd3148542bde1d19c54c5a622ddb6c374"
        }
      }
    }
  },
  "observations_replayed_without_execution": 1,
  "original_capture_custody_verified": 3,
  "source_closure_and_preparation_verified": true,
  "every_saved_checkpoint_restored": true,
  "no_additional_checker_execution": true,
  "no_additional_model_inference": true,
  "no_additional_tokenization": true,
  "owned_runtime_closed": true,
  "executed_manifest_sha256": "13de77d58fcb61b27376ba0aaf666f6d8bddaed9a0e6f1a4f2208255a6e2132b",
  "preparation_seal_sha256": "03eaa509eb50d71c44b910421e586950a6ac1b1448cb69a0398f205e9e207788",
  "response_seal_sha256": "480234229107fdd245bacabdb623c2ebafd5ad175118a5ef818cfddcb49763e9",
  "records_sha256": "fee7ccbb088872f27fd0b1fec68617a269387335fafc89773e40cf6935d17bdb",
  "verification_source_sha256": "4bdb396b97cf729ef2730faab2a116fe249a547c7b6880de66ad9bcaad157a2f",
  "runner_source_sha256": "195ab0668f7fc0f504c7cda917d6a317b0b56d2da0bfa9182338b794d019caed",
  "interpretation_and_artifact_review_required": true
}
