{
  "status": "replayed_exactly",
  "completed_replies": 5,
  "requests_used": 5,
  "actual_operations": 8,
  "native_inputs": 16,
  "custody_records": 182,
  "checked_state_snapshots": 10,
  "source_files": 764,
  "original_constructed_boundary": true,
  "inherited_setup_operations": 5,
  "initial_candidate_id": "502e49db84876bc73ae5683e6e63003e6d22f2ab48cf1ded9a6d3b3e8ff4d77e",
  "submitted": true,
  "final_candidate_id": "502e49db84876bc73ae5683e6e63003e6d22f2ab48cf1ded9a6d3b3e8ff4d77e",
  "terminal_response": null,
  "observations": {
    "CHK-0006": {
      "candidate_id": "502e49db84876bc73ae5683e6e63003e6d22f2ab48cf1ded9a6d3b3e8ff4d77e",
      "checker_sha256": "d1ac77436a510ef19759c39bb15f33f0d00e7f73365ea347258516747f551eb6",
      "scope": "public",
      "passed": true,
      "termination": "completed",
      "capture_complete": true,
      "streams": {
        "stderr": {
          "capture_limit_bytes": 1048576,
          "captured_bytes": 0,
          "observed_pipe_bytes": 0,
          "sha256": "e3b0c44298fc1c149afbf4c8996fb92427ae41e4649b934ca495991b7852b855"
        },
        "stdout": {
          "capture_limit_bytes": 1048576,
          "captured_bytes": 15,
          "observed_pipe_bytes": 15,
          "sha256": "54f607c3002e2960c1eeda459e203edcd3148542bde1d19c54c5a622ddb6c374"
        }
      }
    }
  },
  "observations_replayed_without_execution": 1,
  "original_capture_custody_verified": 3,
  "source_closure_and_preparation_verified": true,
  "every_saved_checkpoint_restored": true,
  "no_additional_checker_execution": true,
  "no_additional_model_inference": true,
  "no_additional_tokenization": true,
  "owned_runtime_closed": true,
  "executed_manifest_sha256": "105e0104590cd14b771ca08f8be0af38836fb83b4a079b81818567b1b7a1ccbd",
  "preparation_seal_sha256": "466ed47b0b795c4c87cb34d399d984c55c3a3911d22c8e44ea857ab637f0ca78",
  "response_seal_sha256": "a1ba33db41f1aa0d97059d73281fc9cf7508e7c9b972c5e1a8bdaaeac881f153",
  "records_sha256": "b516cc8c7eb27ada158cc5a170de3ba48bf2c163320a80d6da57ac95cd723060",
  "verification_source_sha256": "4bdb396b97cf729ef2730faab2a116fe249a547c7b6880de66ad9bcaad157a2f",
  "runner_source_sha256": "195ab0668f7fc0f504c7cda917d6a317b0b56d2da0bfa9182338b794d019caed",
  "interpretation_and_artifact_review_required": true
}
