{
  "status": "qualified_offline_no_model_inference",
  "checker_sha256": "9271cb3f0c7f888feb18d180f032888fbd1eeac546e9c945eae54375f3b0564c",
  "parent_checker_sha256": "2218de2cfcb55bee1a3bd65bb49f5536919b9de1e435460eb9d667c50a73f278",
  "parent_seal_sha256": "e097eee7afe3b17b926401d3545b8ee0eed12a4b85cb0f708f1598bb90c17fe1",
  "saved_candidate_id": "36e21200c5213d1621ed91025ce0f8404bd41846d6a42e3d44d90085a6f53c34",
  "original_saved_work_unchanged": true,
  "unsafe_spellings": 20,
  "relative_controls": 6,
  "native_join_control_comparisons": 12,
  "rows": [
    {
      "name": "saved_candidate",
      "source_sha256": "e593ab04a741eba4488ec109c06bd91b193a756cdd345a724be95a2083ff1181",
      "expected_pass": false,
      "passed": false,
      "returncode": 1,
      "stdout_utf8": "public passed\r\nexpanded verifier contract passed\r\n",
      "stderr_utf8": "Traceback (most recent call last):\r\n  File \"C:\\Users\\danmc\\AppData\\Local\\Temp\\verifier_contract_26zc4902\\_qualified_check.py\", line 89, in <module>\r\n    assert actual is None, ('unsafe path component survived normalization', spelling,\r\n           ^^^^^^^^^^^^^^\r\nAssertionError: ('unsafe path component survived normalization', './C:/outside.py', 'C:/outside.py')\r\n",
      "elapsed_seconds": 0.1720000000204891
    },
    {
      "name": "evaluator_reference",
      "source_sha256": "6a9942c887fc23e809df4db2e7ef9d227cab3ba9ad0d066e0886089c89905c05",
      "expected_pass": true,
      "passed": true,
      "returncode": 0,
      "stdout_utf8": "public passed\r\nexpanded verifier contract passed\r\npath composition contract passed\r\n",
      "stderr_utf8": "",
      "elapsed_seconds": 0.1720000000204891
    },
    {
      "name": "reference_bad_timeout",
      "source_sha256": "02d084fe262173c13e8114e49ab835e74e9b28532debec28083842fac743824e",
      "expected_pass": false,
      "passed": false,
      "returncode": 1,
      "stdout_utf8": "",
      "stderr_utf8": "Traceback (most recent call last):\r\n  File \"C:\\Users\\danmc\\AppData\\Local\\Temp\\verifier_contract_y8dy5qsj\\_qualified_check.py\", line 11, in <module>\r\n    assert _bounded_timeout(0) == 1\r\n           ^^^^^^^^^^^^^^^^^^^^^^^^\r\nAssertionError\r\n",
      "elapsed_seconds": 0.1720000000204891
    },
    {
      "name": "reference_rejects_valid_paths",
      "source_sha256": "ba5936abcb04584ee7ef84bc51fdaf79d541a0dc27ff92be97d7c2c2ff6f218a",
      "expected_pass": false,
      "passed": false,
      "returncode": 1,
      "stdout_utf8": "",
      "stderr_utf8": "Traceback (most recent call last):\r\n  File \"C:\\Users\\danmc\\AppData\\Local\\Temp\\verifier_contract_gydap3tu\\_qualified_check.py\", line 7, in <module>\r\n    assert _safe_relative_path(\"pkg/module.py\").as_posix() == \"pkg/module.py\"\r\n           ^^^^^^^^^^^^^^^^^^^^^^^^^^^^^^^^^^^^^^^^^^^^^\r\nAttributeError: 'NoneType' object has no attribute 'as_posix'\r\n",
      "elapsed_seconds": 0.15700000000651926
    }
  ],
  "model_requests": 0,
  "runtime_launches": 0,
  "source_sha256": {
    "checker.py": "558070467b9e3d6fc81c6c412810144cf241e86ab47c26955fab5806126bc46c",
    "composition_check.py": "419301c5f63350f14741f655e11ed5379c304ef3c3bbe3b666a4c14dcd0e5304",
    "qualify_checker.py": "145ca25c89c46437911c6b71e8d2fd23d4e345d859568747c41b98e8778c722f"
  },
  "environment": {
    "interpreter": "C:\\Users\\danmc\\AppData\\Local\\Programs\\Python\\Python311\\python.exe",
    "cwd": "fresh candidate root",
    "imports": "candidate src"
  },
  "limits": [
    "Reference repair is evaluator-authored and unexposed.",
    "No candidate artifact materialization or candidate command runs for unsafe paths.",
    "No live continuation, native model-input qualification or task completion is established."
  ]
}
