{
  "status": "independently_recomputed_from_saved_wires_endpoints_and_receipts",
  "sent_requests": 20,
  "actual_operations": 30,
  "operation_types": {
    "check": 1,
    "patch": 1,
    "read": 13,
    "record_account": 9,
    "search": 2,
    "tree": 3,
    "work_on": 1
  },
  "sent_input_tokens": 263924,
  "generated_tokens": 50169,
  "model_request_seconds": 3430.2800000000134,
  "response_processing_seconds": 131.42500000001746,
  "task_loop_seconds": 3612.2660000000033,
  "peak_sent_input_tokens": 23801,
  "peak_generated_tokens": 10678,
  "peak_sent_input_plus_generation": 27724,
  "peak_native_measured_input_including_unsent": 32390,
  "input_presentation_modes": {
    "ordinary": 12,
    "recovery": 8
  }
}
