{
  "metrics": {
    "sent_requests": 32,
    "complete_responses_processed": 32,
    "sent_input_tokens": 643997,
    "generated_tokens_observed": 42577,
    "missing_generation_usage": 0,
    "model_request_seconds_observed": 3960.499000000069,
    "missing_request_duration": 0,
    "response_processing_seconds_observed": 338.29300000017975,
    "peak_sent_input_tokens": 23787,
    "peak_generated_tokens": 3428,
    "peak_input_plus_generation": 25667
  },
  "temporal": {
    "complete_ledger_delivery": {
      "ledgers/required_00.py": true,
      "ledgers/required_01.py": false,
      "ledgers/required_02.py": false,
      "ledgers/required_03.py": false
    },
    "first_label": 8,
    "first_footer": 11,
    "label_before_footer": true,
    "mutation_prerequisites_supported": false,
    "exact_marker_available_at_footer": false,
    "submitted_from_current_pass": true,
    "temporal_contract_met": false,
    "edits": [
      {
        "sequence": 8,
        "path": "codec/label.py",
        "all_ledgers_delivered": false,
        "bound_marker_previously_delivered": true,
        "bound_marker_body_in_this_input": false
      },
      {
        "sequence": 11,
        "path": "codec/footer.py",
        "all_ledgers_delivered": false,
        "bound_marker_previously_delivered": true,
        "bound_marker_body_in_this_input": false
      }
    ],
    "limits": [
      "Delivery is distinct from interpretation.",
      "The footer condition uses actual exact bodies, not shown flags or account assertions.",
      "Retaining the marker legitimately avoids reacquisition; release is not mandatory."
    ]
  },
  "artifact": {
    "response_seal_sha256": "12c9db5e52821c29b6154f57bbc9224932431ff6c4992c9a3d6f41558632f810",
    "assessment_source_sha256": "7eb87fe1027089ddf63320c9e007203ef05a68393a3db4e04ad3cb19525c6c9a",
    "status": "assessed",
    "candidate_id": "750433f899bb30ed198f5f786ba25ac90edc18e9e9a71e79cc998f6d5431bfd0",
    "changed_files": [
      "codec/footer.py",
      "codec/label.py"
    ],
    "only_target_files_changed": true,
    "unchanged_other_files": 128,
    "checks": [
      {
        "label": "original_public",
        "returncode": 0,
        "stdout": "public passed\r\n",
        "stderr": ""
      },
      {
        "label": "independent_examples",
        "returncode": 0,
        "stdout": "[{\"value\": \"\", \"label\": \"HARBOR-K9::\", \"footer\": \"HARBOR-K9::\", \"wire\": \"HARBOR-K9::|HARBOR-K9::\"}, {\"value\": \" a \", \"label\": \"HARBOR-K9::A\", \"footer\": \"HARBOR-K9::a\", \"wire\": \"HARBOR-K9::A|HARBOR-K9::a\"}, {\"value\": \" B7 \", \"label\": \"HARBOR-K9::B7\", \"footer\": \"HARBOR-K9::b7\", \"wire\": \"HARBOR-K9::B7|HARBOR-K9::b7\"}, {\"value\": \" MiX \", \"label\": \"HARBOR-K9::MIX\", \"footer\": \"HARBOR-K9::mix\", \"wire\": \"HARBOR-K9::MIX|HARBOR-K9::mix\"}, {\"value\": \" Stra\u00dfe \", \"label\": \"HARBOR-K9::STRASSE\", \"footer\": \"HARBOR-K9::strasse\", \"wire\": \"HARBOR-K9::STRASSE|HARBOR-K9::strasse\"}, {\"value\": \"\\t\u00c5\u00df\\n\", \"label\": \"HARBOR-K9::\u00c5SS\", \"footer\": \"HARBOR-K9::\u00e5ss\", \"wire\": \"HARBOR-K9::\u00c5SS|HARBOR-K9::\u00e5ss\"}, {\"value\": \"  \u0130  \", \"label\": \"HARBOR-K9::\u0130\", \"footer\": \"HARBOR-K9::i\u0307\", \"wire\": \"HARBOR-K9::\u0130|HARBOR-K9::i\u0307\"}, {\"value\": \" 0 \", \"label\": \"HARBOR-K9::0\", \"footer\": \"HARBOR-K9::0\", \"wire\": \"HARBOR-K9::0|HARBOR-K9::0\"}]\r\n",
        "stderr": ""
      }
    ],
    "original_public_and_hidden_identical": true,
    "ordinary_behavior_passed": true,
    "temporal_contract_met": false,
    "environment": {
      "interpreter": "C:\\Users\\danmc\\AppData\\Local\\Programs\\Python\\Python311\\python.exe",
      "cwd": "fresh candidate root",
      "flags": [
        "-B",
        "-X",
        "utf8"
      ]
    },
    "limits": [
      "Repeated original acceptance establishes reproducibility, not independent hidden coverage.",
      "Independent concrete examples and source review are not new model trajectories.",
      "Successful execution does not establish the separate acquisition/order contract."
    ]
  }
}
