{
  "status": "measured",
  "cases": [
    {
      "after_request": "C02",
      "completed_paths": [
        "codec/label.py",
        "codec/footer.py"
      ],
      "input_tokens": {
        "actual": 22754,
        "completed_requested_regions": 22763
      },
      "preferred_target": 22784,
      "hard_ceiling": 23808,
      "fits_preferred": true,
      "fits_hard": true,
      "other_acquired_bodies_unchanged": true,
      "classification": "counterfactual_input_not_actor_behavior"
    },
    {
      "after_request": "C17",
      "completed_paths": [
        "codec/footer.py"
      ],
      "input_tokens": {
        "actual": 22671,
        "completed_requested_regions": 22693
      },
      "preferred_target": 22784,
      "hard_ceiling": 23808,
      "fits_preferred": true,
      "fits_hard": true,
      "other_acquired_bodies_unchanged": true,
      "classification": "counterfactual_input_not_actor_behavior"
    },
    {
      "after_request": "C19",
      "completed_paths": [
        "codec/label.py",
        "codec/footer.py"
      ],
      "input_tokens": {
        "actual": 22637,
        "completed_requested_regions": 22640
      },
      "preferred_target": 22784,
      "hard_ceiling": 23808,
      "fits_preferred": true,
      "fits_hard": true,
      "other_acquired_bodies_unchanged": true,
      "classification": "counterfactual_input_not_actor_behavior"
    },
    {
      "after_request": "C20",
      "completed_paths": [
        "codec/label.py",
        "codec/footer.py"
      ],
      "input_tokens": {
        "actual": 22701,
        "completed_requested_regions": 22704
      },
      "preferred_target": 22784,
      "hard_ceiling": 23808,
      "fits_preferred": true,
      "fits_hard": true,
      "other_acquired_bodies_unchanged": true,
      "classification": "counterfactual_input_not_actor_behavior"
    },
    {
      "after_request": "C22",
      "completed_paths": [
        "codec/label.py",
        "codec/footer.py"
      ],
      "input_tokens": {
        "actual": 22720,
        "completed_requested_regions": 22723
      },
      "preferred_target": 22784,
      "hard_ceiling": 23808,
      "fits_preferred": true,
      "fits_hard": true,
      "other_acquired_bodies_unchanged": true,
      "classification": "counterfactual_input_not_actor_behavior"
    }
  ]
}
