{
  "status": "post_seal_contract_open",
  "classification": "post_response_seal_artifact_evaluation",
  "actor_feedback": false,
  "additional_model_or_native_calls": false,
  "hidden_execution_attempted": true,
  "supplemental_execution_attempted": true,
  "source_seal_sha256": "6550a09cdadf7369e6151bcf39ec8baef11c855df08b10bfb5fa022ceaf1182b",
  "custody": {
    "sealed_files": 748,
    "source_files": 439,
    "custody_records": 668,
    "records_sha256": "d1de31f9ff1e1adf11fd21e7a736713c610e80c357f4bf223853cc596ef62c0c",
    "source_inventory_sha256": "428bd618db204c42072868d8df604cab9d5ce424de899963fd1ebe000efcfbe8",
    "owned_runtime_closed": true
  },
  "evaluator_source_sha256": "2e4ac5ce91ec9315d4acd6a35ea18fc4cbf10d0210fab4508e865f50f2a92374",
  "saved_replay_helper_sha256": "08a1a8d8b45553c485a3993309b47066a768ad2d21da7d46886f6ba8f1f3f1fa",
  "original_probe_sha256": "b5a2ac3f21015dd15212a7fda5c99329cac3199a736d491e9d2c02be54a7c8b6",
  "evaluation_source_sha256": {
    "development/workload_requalification/ecological_import_entry/review/evaluate_artifact.py": "2e4ac5ce91ec9315d4acd6a35ea18fc4cbf10d0210fab4508e865f50f2a92374",
    "development/workload_requalification/ecological_import_entry/review/verify_run.py": "08a1a8d8b45553c485a3993309b47066a768ad2d21da7d46886f6ba8f1f3f1fa",
    "maintenance/resume_after_020/import_boundary_probe.py": "b5a2ac3f21015dd15212a7fda5c99329cac3199a736d491e9d2c02be54a7c8b6"
  },
  "original_hidden_checker_sha256": "1ca34b6fc7b4c89bd42310a577fa176eab40f1ad30268984acd5b57f1b8ffe9d",
  "actor_grade_replaced": false,
  "actor_disposition": "checked_submission",
  "source_coverage": {
    "dispatched_source_witnesses": [
      {
        "path": "src/addressable_information_layer/artifact_units.py",
        "request": "C07",
        "start_line": 1,
        "end_line": 364,
        "source_result_handle": "RES-0012",
        "source_index": 0,
        "actual_wire_sha256": "f68c80f9e547fbc3775cc5fbac778583491af97bcfbe2607d912aab779ebd724"
      },
      {
        "path": "src/addressable_information_layer/artifact_units.py",
        "request": "C08",
        "start_line": 365,
        "end_line": 374,
        "source_result_handle": "RES-0013",
        "source_index": 0,
        "actual_wire_sha256": "cd662f2370a08241a8831418cc89e12f73982570d15a3a41e9b3ef0888777812"
      },
      {
        "path": "src/addressable_information_layer/artifact_units.py",
        "request": "C10",
        "start_line": 375,
        "end_line": 459,
        "source_result_handle": "RES-0015",
        "source_index": 0,
        "actual_wire_sha256": "7f75b75a0d84a775ae5e19ca3ec37852cf203045c44832a408123d68441fede2"
      },
      {
        "path": "src/addressable_information_layer/content_log.py",
        "request": "C06",
        "start_line": 1,
        "end_line": 70,
        "source_result_handle": "RES-0010",
        "source_index": 0,
        "actual_wire_sha256": "242b82ffdba4e278bc2b0a3a8f4847948ed9552f0e1bb09440d35130d3b6856b"
      },
      {
        "path": "src/addressable_information_layer/fixture_packs.py",
        "request": "C04",
        "start_line": 1,
        "end_line": 94,
        "source_result_handle": "RES-0006",
        "source_index": 0,
        "actual_wire_sha256": "87b5f38b01c067c3bf0150da00d80b3bce7bbc83306b189751f6d0bfa67eb245"
      },
      {
        "path": "src/addressable_information_layer/hashing.py",
        "request": "C12",
        "start_line": 1,
        "end_line": 39,
        "source_result_handle": "RES-0017",
        "source_index": 0,
        "actual_wire_sha256": "880a60bd6a4db9972c73f232fcca576200ad48ab2c5f46e25739468e3da5f109"
      },
      {
        "path": "src/addressable_information_layer/importers.py",
        "request": "C03",
        "start_line": 1,
        "end_line": 91,
        "source_result_handle": "RES-0004",
        "source_index": 0,
        "actual_wire_sha256": "f74a47d05452b6d810baa7a09d6da9a7ce383187360377ab7dae93912a8c4e8c"
      },
      {
        "path": "src/addressable_information_layer/policy.py",
        "request": "C12",
        "start_line": 1,
        "end_line": 140,
        "source_result_handle": "RES-0017",
        "source_index": 3,
        "actual_wire_sha256": "880a60bd6a4db9972c73f232fcca576200ad48ab2c5f46e25739468e3da5f109"
      },
      {
        "path": "src/addressable_information_layer/readiness.py",
        "request": "C12",
        "start_line": 1,
        "end_line": 141,
        "source_result_handle": "RES-0017",
        "source_index": 4,
        "actual_wire_sha256": "880a60bd6a4db9972c73f232fcca576200ad48ab2c5f46e25739468e3da5f109"
      },
      {
        "path": "src/addressable_information_layer/records.py",
        "request": "C05",
        "start_line": 1,
        "end_line": 460,
        "source_result_handle": "RES-0008",
        "source_index": 0,
        "actual_wire_sha256": "8ddab14bcbbad39387315f1f5771e05141c254bd5565f7ec950fb36719b68e70"
      },
      {
        "path": "src/addressable_information_layer/renderer.py",
        "request": "C12",
        "start_line": 1,
        "end_line": 227,
        "source_result_handle": "RES-0017",
        "source_index": 2,
        "actual_wire_sha256": "880a60bd6a4db9972c73f232fcca576200ad48ab2c5f46e25739468e3da5f109"
      },
      {
        "path": "src/addressable_information_layer/saved_runs.py",
        "request": "C02",
        "start_line": 1,
        "end_line": 266,
        "source_result_handle": "RES-0002",
        "source_index": 0,
        "actual_wire_sha256": "cf09e1e1335fb77cbe9d2c6a5a2c4f2785e7e880de28a9c07c9bbe555f3440c6"
      },
      {
        "path": "src/addressable_information_layer/storage.py",
        "request": "C12",
        "start_line": 1,
        "end_line": 58,
        "source_result_handle": "RES-0017",
        "source_index": 1,
        "actual_wire_sha256": "880a60bd6a4db9972c73f232fcca576200ad48ab2c5f46e25739468e3da5f109"
      }
    ],
    "first_mutation": {
      "action_handle": "EVT-0021",
      "candidate_id": "91d4b001242fe161e46550e814faa2c54065a9ee837a0f2e26b99048823c9fce",
      "coverage_sha256": "f0ad4556fe4a027e5f3ff5ffeec29a562acde006726915040cb23461cc3e0cef",
      "path": "src/addressable_information_layer/importers.py",
      "previous_candidate_id": "2355c3eaa32dcf8db2659a75feb3a93309255fbff60e14b7f154dc34c47675c0",
      "request_number": 14
    },
    "complete_coverage_is_not_comprehension": true,
    "all_saved_witnesses_authenticated_against_actual_wires": true
  },
  "original_candidate_id": "2355c3eaa32dcf8db2659a75feb3a93309255fbff60e14b7f154dc34c47675c0",
  "candidate_id": "23b5c17999963faf7453c68a6b537ae6c447555f77eb0a835bfa659ad47e89aa",
  "candidate_record": "final-candidate.json",
  "candidate_record_sha256": "c6a2dd41bf4b3ea19cff06a40e1ef859232665089229e7ff834b867be17141d4",
  "state_record_sha256": "0f66ba78c3f852ddc4cd9200bd45a0b5dcc1ebf92de288596249352922b9e0ee",
  "evaluated_submitted": true,
  "evaluated_requests_used": 19,
  "evaluated_operations_used": 28,
  "coverage_checkpoint_restored": true,
  "original_task_sha256": "32b39bfdaf4e0ad7270f5ca926a33104266f7cd189d881b14968b776492f3d27",
  "original_fixture_sha256": "eeaa1d0e7a97a5e1491ba2c9406782f3529a477a7dfac65e266cbc2b5314cb44",
  "original_public_checker_sha256": "e9a407cd0d0ddbafc7267dcf34fabb689afde8fc0bc49f8077a85e4d5fe59d59",
  "evaluated_public_verification": {
    "checks": {
      "public": {
        "handle": "RES-0027",
        "check_id": "public",
        "candidate_id": "23b5c17999963faf7453c68a6b537ae6c447555f77eb0a835bfa659ad47e89aa",
        "passed": true,
        "candidate_matches": true,
        "check_definition_matches": true,
        "applies_to_current": true,
        "assessment": {
          "observation": "CHK-0027",
          "scope": "public",
          "candidate_id": "23b5c17999963faf7453c68a6b537ae6c447555f77eb0a835bfa659ad47e89aa",
          "checker_sha256": "e9a407cd0d0ddbafc7267dcf34fabb689afde8fc0bc49f8077a85e4d5fe59d59",
          "executed": true,
          "passed": true,
          "termination": "completed",
          "returncode": 0,
          "observation_capture_complete": true,
          "assessment_available": true,
          "criteria": [],
          "input_observations": [],
          "failed_criteria": [],
          "raw_access": {
            "action": "inspect_observation",
            "observation": "CHK-0027",
            "stream": "stdout",
            "offset": 0
          },
          "explanation": "Original behavioral acceptance and actual execution. No injected faults in this task.",
          "failed_records_total": 0,
          "failed_records_shown": 0,
          "failed_records_remaining": 0
        },
        "inspect": {
          "action": "inspect_check",
          "observation": "CHK-0027",
          "offset": 0
        }
      }
    },
    "after_accepted_edit": {},
    "submission": {
      "scope": "public",
      "eligible": true
    },
    "outstanding": []
  },
  "artifact_assessment": {
    "original_files": 25,
    "final_files": 25,
    "changed_paths": [
      "src/addressable_information_layer/importers.py",
      "src/addressable_information_layer/saved_runs.py"
    ],
    "repair_target_paths": [
      "src/addressable_information_layer/importers.py",
      "src/addressable_information_layer/saved_runs.py"
    ],
    "non_target_file_count": 23,
    "all_23_other_files_byte_identical": true,
    "changed_non_target_paths": [],
    "existing_public_declarations_preserved": true,
    "all_existing_callable_interfaces_and_public_constants_preserved": true,
    "api_comparisons": {
      "src/addressable_information_layer/__init__.py": {
        "existing_public_declarations_preserved": true,
        "all_existing_callable_interfaces_and_public_constants_preserved": true,
        "missing": [],
        "differing": [],
        "public_changes": [],
        "added": []
      },
      "src/addressable_information_layer/artifact_units.py": {
        "existing_public_declarations_preserved": true,
        "all_existing_callable_interfaces_and_public_constants_preserved": true,
        "missing": [],
        "differing": [],
        "public_changes": [],
        "added": []
      },
      "src/addressable_information_layer/availability.py": {
        "existing_public_declarations_preserved": true,
        "all_existing_callable_interfaces_and_public_constants_preserved": true,
        "missing": [],
        "differing": [],
        "public_changes": [],
        "added": []
      },
      "src/addressable_information_layer/content_log.py": {
        "existing_public_declarations_preserved": true,
        "all_existing_callable_interfaces_and_public_constants_preserved": true,
        "missing": [],
        "differing": [],
        "public_changes": [],
        "added": []
      },
      "src/addressable_information_layer/decomposition.py": {
        "existing_public_declarations_preserved": true,
        "all_existing_callable_interfaces_and_public_constants_preserved": true,
        "missing": [],
        "differing": [],
        "public_changes": [],
        "added": []
      },
      "src/addressable_information_layer/fixture_packs.py": {
        "existing_public_declarations_preserved": true,
        "all_existing_callable_interfaces_and_public_constants_preserved": true,
        "missing": [],
        "differing": [],
        "public_changes": [],
        "added": []
      },
      "src/addressable_information_layer/focus.py": {
        "existing_public_declarations_preserved": true,
        "all_existing_callable_interfaces_and_public_constants_preserved": true,
        "missing": [],
        "differing": [],
        "public_changes": [],
        "added": []
      },
      "src/addressable_information_layer/hashing.py": {
        "existing_public_declarations_preserved": true,
        "all_existing_callable_interfaces_and_public_constants_preserved": true,
        "missing": [],
        "differing": [],
        "public_changes": [],
        "added": []
      },
      "src/addressable_information_layer/importers.py": {
        "existing_public_declarations_preserved": true,
        "all_existing_callable_interfaces_and_public_constants_preserved": true,
        "missing": [],
        "differing": [],
        "public_changes": [],
        "added": []
      },
      "src/addressable_information_layer/patching.py": {
        "existing_public_declarations_preserved": true,
        "all_existing_callable_interfaces_and_public_constants_preserved": true,
        "missing": [],
        "differing": [],
        "public_changes": [],
        "added": []
      },
      "src/addressable_information_layer/policy.py": {
        "existing_public_declarations_preserved": true,
        "all_existing_callable_interfaces_and_public_constants_preserved": true,
        "missing": [],
        "differing": [],
        "public_changes": [],
        "added": []
      },
      "src/addressable_information_layer/project_store.py": {
        "existing_public_declarations_preserved": true,
        "all_existing_callable_interfaces_and_public_constants_preserved": true,
        "missing": [],
        "differing": [],
        "public_changes": [],
        "added": []
      },
      "src/addressable_information_layer/readiness.py": {
        "existing_public_declarations_preserved": true,
        "all_existing_callable_interfaces_and_public_constants_preserved": true,
        "missing": [],
        "differing": [],
        "public_changes": [],
        "added": []
      },
      "src/addressable_information_layer/records.py": {
        "existing_public_declarations_preserved": true,
        "all_existing_callable_interfaces_and_public_constants_preserved": true,
        "missing": [],
        "differing": [],
        "public_changes": [],
        "added": []
      },
      "src/addressable_information_layer/reducers.py": {
        "existing_public_declarations_preserved": true,
        "all_existing_callable_interfaces_and_public_constants_preserved": true,
        "missing": [],
        "differing": [],
        "public_changes": [],
        "added": []
      },
      "src/addressable_information_layer/renderer.py": {
        "existing_public_declarations_preserved": true,
        "all_existing_callable_interfaces_and_public_constants_preserved": true,
        "missing": [],
        "differing": [],
        "public_changes": [],
        "added": []
      },
      "src/addressable_information_layer/reopen.py": {
        "existing_public_declarations_preserved": true,
        "all_existing_callable_interfaces_and_public_constants_preserved": true,
        "missing": [],
        "differing": [],
        "public_changes": [],
        "added": []
      },
      "src/addressable_information_layer/routing.py": {
        "existing_public_declarations_preserved": true,
        "all_existing_callable_interfaces_and_public_constants_preserved": true,
        "missing": [],
        "differing": [],
        "public_changes": [],
        "added": []
      },
      "src/addressable_information_layer/saved_runs.py": {
        "existing_public_declarations_preserved": true,
        "all_existing_callable_interfaces_and_public_constants_preserved": true,
        "missing": [],
        "differing": [],
        "public_changes": [],
        "added": []
      },
      "src/addressable_information_layer/serialization.py": {
        "existing_public_declarations_preserved": true,
        "all_existing_callable_interfaces_and_public_constants_preserved": true,
        "missing": [],
        "differing": [],
        "public_changes": [],
        "added": []
      },
      "src/addressable_information_layer/storage.py": {
        "existing_public_declarations_preserved": true,
        "all_existing_callable_interfaces_and_public_constants_preserved": true,
        "missing": [],
        "differing": [],
        "public_changes": [],
        "added": []
      },
      "src/addressable_information_layer/summaries.py": {
        "existing_public_declarations_preserved": true,
        "all_existing_callable_interfaces_and_public_constants_preserved": true,
        "missing": [],
        "differing": [],
        "public_changes": [],
        "added": []
      },
      "src/addressable_information_layer/summary_graph.py": {
        "existing_public_declarations_preserved": true,
        "all_existing_callable_interfaces_and_public_constants_preserved": true,
        "missing": [],
        "differing": [],
        "public_changes": [],
        "added": []
      },
      "src/addressable_information_layer/verifier_logs.py": {
        "existing_public_declarations_preserved": true,
        "all_existing_callable_interfaces_and_public_constants_preserved": true,
        "missing": [],
        "differing": [],
        "public_changes": [],
        "added": []
      },
      "src/addressable_information_layer/verifiers.py": {
        "existing_public_declarations_preserved": true,
        "all_existing_callable_interfaces_and_public_constants_preserved": true,
        "missing": [],
        "differing": [],
        "public_changes": [],
        "added": []
      }
    },
    "diffs": {
      "src/addressable_information_layer/importers.py": "--- src/addressable_information_layer/importers.py\n+++ src/addressable_information_layer/importers.py\n@@ -56,11 +56,11 @@\n             continue\n         if path.suffix.lower() not in TEXT_EXTENSIONS:\n             continue\n-        if path.stat().st_size >= max_file_bytes:\n+        if path.stat().st_size > max_file_bytes:\n             continue\n         rel = path.relative_to(root).as_posix()\n         artifacts.append({\"path\": rel})\n-        if len(artifacts) > max_files:\n+        if len(artifacts) >= max_files:\n             break\n \n     return {\n",
      "src/addressable_information_layer/saved_runs.py": "--- src/addressable_information_layer/saved_runs.py\n+++ src/addressable_information_layer/saved_runs.py\n@@ -68,7 +68,7 @@\n         if not _looks_like_saved_run_jsonl(path):\n             continue\n         for idx, item in enumerate(_read_jsonl_lines(path), start=1):\n-            if idx >= MAX_JSONL_LINES:\n+            if idx > MAX_JSONL_LINES:\n                 break\n             event = _event_from_item(item, path, detected)\n             if event is not None:\n@@ -200,7 +200,7 @@\n         if not _looks_like_saved_run_jsonl(path):\n             continue\n         for idx, item in enumerate(_read_jsonl_lines(path), start=1):\n-            if idx >= MAX_JSONL_LINES or len(artifacts) >= MAX_EMBEDDED_ARTIFACTS:\n+            if idx > MAX_JSONL_LINES or len(artifacts) >= MAX_EMBEDDED_ARTIFACTS:\n                 break\n             embedded = _embedded_artifact_from_item(item, path, idx)\n             if embedded is not None:\n"
    },
    "reference_patch_identity_required": false,
    "interpretation_limits": [
      "Static interface equality and unchanged bytes do not prove semantic preservation.",
      "No particular source spelling or reference-patch identity is required.",
      "Ordering, schema, identity, artifact materialization and exclusions need direct source review beyond executed cases.",
      "The supplemental twelve cases examine directory byte and count boundaries; they do not replace the original hidden grade."
    ]
  },
  "limits": [
    "Post-seal evaluator observations never enter actor input or replace the original grade.",
    "Complete source exposure proves delivery, not comprehension or semantic inspection.",
    "Twelve boundary cases and static API preservation are not a complete correctness proof."
  ],
  "hidden_observation": {
    "candidate_id": "23b5c17999963faf7453c68a6b537ae6c447555f77eb0a835bfa659ad47e89aa",
    "checker_sha256": "1ca34b6fc7b4c89bd42310a577fa176eab40f1ad30268984acd5b57f1b8ffe9d",
    "check_id": "hidden",
    "observation": "CHK-0001",
    "started_at_utc": "2026-10-02T15:23:12.449067+00:00",
    "stream_limit_bytes": 1048576,
    "storage_limit_bytes": 134217728,
    "timeout_seconds": 30,
    "completed_at_utc": "2026-10-02T15:23:12.687740+00:00",
    "executed": true,
    "accepted": true,
    "returncode": 0,
    "termination": "completed",
    "capture_complete": true,
    "passed": true,
    "streams": {
      "stderr": {
        "captured_bytes": 0,
        "observed_pipe_bytes": 0,
        "sha256": "e3b0c44298fc1c149afbf4c8996fb92427ae41e4649b934ca495991b7852b855",
        "capture_limit_bytes": 1048576
      },
      "stdout": {
        "captured_bytes": 30,
        "observed_pipe_bytes": 30,
        "sha256": "060cda254e3a0abc5dd6d4365d3867bebd7465701e8746939fdee1a741552331",
        "capture_limit_bytes": 1048576
      }
    }
  },
  "original_hidden_passed": true,
  "supplemental_observation": {
    "candidate_id": "23b5c17999963faf7453c68a6b537ae6c447555f77eb0a835bfa659ad47e89aa",
    "checker_sha256": "b5a2ac3f21015dd15212a7fda5c99329cac3199a736d491e9d2c02be54a7c8b6",
    "check_id": "supplemental_import_boundaries",
    "observation": "CHK-0001",
    "started_at_utc": "2026-10-02T15:23:12.698741+00:00",
    "stream_limit_bytes": 1048576,
    "storage_limit_bytes": 134217728,
    "timeout_seconds": 30,
    "completed_at_utc": "2026-10-02T15:23:12.907107+00:00",
    "executed": true,
    "accepted": true,
    "returncode": 1,
    "termination": "completed",
    "capture_complete": true,
    "passed": false,
    "streams": {
      "stderr": {
        "captured_bytes": 0,
        "observed_pipe_bytes": 0,
        "sha256": "e3b0c44298fc1c149afbf4c8996fb92427ae41e4649b934ca495991b7852b855",
        "capture_limit_bytes": 1048576
      },
      "stdout": {
        "captured_bytes": 1415,
        "observed_pipe_bytes": 1415,
        "sha256": "5e4f3deed143351aae03587de1356ee09630cb8d5804007e1dcfb968c87726b0",
        "capture_limit_bytes": 1048576
      }
    }
  },
  "supplemental_assessment": {
    "scope": "supplemental_original_import_boundary_probe",
    "frozen_original_grade_replaced": false,
    "planned_cases": 12,
    "actual_rows_available": true,
    "passed_cases": 9,
    "failed_cases": 3,
    "failed_case_inputs": [
      {
        "max_files": 0,
        "max_file_bytes": 0
      },
      {
        "max_files": 0,
        "max_file_bytes": 1
      },
      {
        "max_files": 0,
        "max_file_bytes": 5
      }
    ],
    "observation": "CHK-0001",
    "capture_complete": true,
    "all_twelve_passed": false,
    "rows": [
      {
        "max_files": 0,
        "max_file_bytes": 0,
        "expected": [],
        "actual": [
          {
            "path": "a.txt"
          }
        ],
        "passed": false
      },
      {
        "max_files": 1,
        "max_file_bytes": 0,
        "expected": [
          {
            "path": "a.txt"
          }
        ],
        "actual": [
          {
            "path": "a.txt"
          }
        ],
        "passed": true
      },
      {
        "max_files": 2,
        "max_file_bytes": 0,
        "expected": [
          {
            "path": "a.txt"
          }
        ],
        "actual": [
          {
            "path": "a.txt"
          }
        ],
        "passed": true
      },
      {
        "max_files": 10,
        "max_file_bytes": 0,
        "expected": [
          {
            "path": "a.txt"
          }
        ],
        "actual": [
          {
            "path": "a.txt"
          }
        ],
        "passed": true
      },
      {
        "max_files": 0,
        "max_file_bytes": 1,
        "expected": [],
        "actual": [
          {
            "path": "a.txt"
          }
        ],
        "passed": false
      },
      {
        "max_files": 1,
        "max_file_bytes": 1,
        "expected": [
          {
            "path": "a.txt"
          }
        ],
        "actual": [
          {
            "path": "a.txt"
          }
        ],
        "passed": true
      },
      {
        "max_files": 2,
        "max_file_bytes": 1,
        "expected": [
          {
            "path": "a.txt"
          },
          {
            "path": "b.txt"
          }
        ],
        "actual": [
          {
            "path": "a.txt"
          },
          {
            "path": "b.txt"
          }
        ],
        "passed": true
      },
      {
        "max_files": 10,
        "max_file_bytes": 1,
        "expected": [
          {
            "path": "a.txt"
          },
          {
            "path": "b.txt"
          }
        ],
        "actual": [
          {
            "path": "a.txt"
          },
          {
            "path": "b.txt"
          }
        ],
        "passed": true
      },
      {
        "max_files": 0,
        "max_file_bytes": 5,
        "expected": [],
        "actual": [
          {
            "path": "a.txt"
          }
        ],
        "passed": false
      },
      {
        "max_files": 1,
        "max_file_bytes": 5,
        "expected": [
          {
            "path": "a.txt"
          }
        ],
        "actual": [
          {
            "path": "a.txt"
          }
        ],
        "passed": true
      },
      {
        "max_files": 2,
        "max_file_bytes": 5,
        "expected": [
          {
            "path": "a.txt"
          },
          {
            "path": "b.txt"
          }
        ],
        "actual": [
          {
            "path": "a.txt"
          },
          {
            "path": "b.txt"
          }
        ],
        "passed": true
      },
      {
        "max_files": 10,
        "max_file_bytes": 5,
        "expected": [
          {
            "path": "a.txt"
          },
          {
            "path": "b.txt"
          },
          {
            "path": "c.txt"
          }
        ],
        "actual": [
          {
            "path": "a.txt"
          },
          {
            "path": "b.txt"
          },
          {
            "path": "c.txt"
          }
        ],
        "passed": true
      }
    ],
    "scope_limits": "No negative-count requirement or complete package correctness is inferred."
  },
  "supplemental_passed": false,
  "artifact_preservation_passed": true,
  "direct_semantic_artifact_review_required": true,
  "immutable_sealed_records_unchanged": true
}
