{
  "status": "recomputed_from_sealed_saved_wires_and_endpoints",
  "response_seal_sha256": "6550a09cdadf7369e6151bcf39ec8baef11c855df08b10bfb5fa022ceaf1182b",
  "verification_sha256": "8f060fc5d62dbb2fc75dd7a99935eb8e88c64783741133e5a3f8317398d712a0",
  "accounting_source_sha256": "bd86f99861e8c477a5b8be8104032c777b62e590376ff4d281eff17bdf92f487",
  "accounting_core_sha256": "ac4aca13f47dcaa529dc86e55540e0ec9945027c13013d1d7442e8ff7b4e40e9",
  "disposition": "checked_submission",
  "fresh_original_entry": true,
  "inherited_requests": 0,
  "inherited_operations": 0,
  "totals": {
    "sent_requests": 19,
    "complete_responses_processed": 19,
    "sent_input_tokens": 341131,
    "generated_tokens_observed": 29394,
    "missing_generation_usage": 0,
    "model_request_seconds_observed": 2609.186999999918,
    "missing_request_duration": 0,
    "response_processing_seconds_observed": 110.12299999996321,
    "peak_sent_input_tokens": 23627,
    "peak_generated_tokens": 3194,
    "peak_input_plus_generation": 25088
  },
  "operations": 28,
  "operation_types": {
    "record_account": 9,
    "read": 12,
    "work_on": 1,
    "patch": 4,
    "check": 1,
    "submit": 1
  },
  "native_measurements_including_unsent": 63,
  "peak_native_input_including_unsent": 24441,
  "task_loop_seconds": 2779.4689999999828,
  "final_feedback_has_no_later_request": true,
  "final_candidate_id": "23b5c17999963faf7453c68a6b537ae6c447555f77eb0a835bfa659ad47e89aa",
  "submitted": true,
  "runtime_closure": {
    "dedicated_port_free": true,
    "effective_runtime": {
      "context_matches": true,
      "cuda_failure_observed": false,
      "full_offload": true,
      "mtp_disabled": true,
      "q4_k_and_v": true,
      "truncation_observed": false
    },
    "memory": {
      "max_free_mib": 11625,
      "min_free_mib": 58,
      "samples": 13544
    },
    "owned_server_shutdown_verified": true
  },
  "calls": [
    {
      "id": "C01",
      "input_tokens": 6738,
      "generated_tokens": 546,
      "input_plus_generation": 7284,
      "cached_input_tokens": 0,
      "model_seconds": 42.546999999991385,
      "complete_response_processed": true,
      "processing_seconds": 2.687999999994645,
      "prepared_feedback_input_tokens": 10480,
      "input_mode": "ordinary",
      "requests_used_before_response": 0,
      "operations_used_before_response": 0,
      "saved_endpoint_response_status": "saved_json"
    },
    {
      "id": "C02",
      "input_tokens": 10480,
      "generated_tokens": 1065,
      "input_plus_generation": 11545,
      "cached_input_tokens": 0,
      "model_seconds": 79.31299999999464,
      "complete_response_processed": true,
      "processing_seconds": 2.735000000015134,
      "prepared_feedback_input_tokens": 11833,
      "input_mode": "ordinary",
      "requests_used_before_response": 1,
      "operations_used_before_response": 2,
      "saved_endpoint_response_status": "saved_json"
    },
    {
      "id": "C03",
      "input_tokens": 11833,
      "generated_tokens": 1972,
      "input_plus_generation": 13805,
      "cached_input_tokens": 0,
      "model_seconds": 132.35999999998603,
      "complete_response_processed": true,
      "processing_seconds": 2.7030000000086147,
      "prepared_feedback_input_tokens": 13422,
      "input_mode": "ordinary",
      "requests_used_before_response": 2,
      "operations_used_before_response": 4,
      "saved_endpoint_response_status": "saved_json"
    },
    {
      "id": "C04",
      "input_tokens": 13422,
      "generated_tokens": 1501,
      "input_plus_generation": 14923,
      "cached_input_tokens": 0,
      "model_seconds": 111.73400000002584,
      "complete_response_processed": true,
      "processing_seconds": 2.7030000000086147,
      "prepared_feedback_input_tokens": 17359,
      "input_mode": "ordinary",
      "requests_used_before_response": 3,
      "operations_used_before_response": 6,
      "saved_endpoint_response_status": "saved_json"
    },
    {
      "id": "C05",
      "input_tokens": 17359,
      "generated_tokens": 1455,
      "input_plus_generation": 18814,
      "cached_input_tokens": 0,
      "model_seconds": 121.32799999997951,
      "complete_response_processed": true,
      "processing_seconds": 3.312000000005355,
      "prepared_feedback_input_tokens": 18445,
      "input_mode": "ordinary",
      "requests_used_before_response": 4,
      "operations_used_before_response": 8,
      "saved_endpoint_response_status": "saved_json"
    },
    {
      "id": "C06",
      "input_tokens": 18445,
      "generated_tokens": 1214,
      "input_plus_generation": 19659,
      "cached_input_tokens": 0,
      "model_seconds": 110.875,
      "complete_response_processed": true,
      "processing_seconds": 18.578000000008615,
      "prepared_feedback_input_tokens": 22747,
      "input_mode": "ordinary",
      "requests_used_before_response": 5,
      "operations_used_before_response": 10,
      "saved_endpoint_response_status": "saved_json"
    },
    {
      "id": "C07",
      "input_tokens": 22747,
      "generated_tokens": 2018,
      "input_plus_generation": 24765,
      "cached_input_tokens": 0,
      "model_seconds": 173.13999999998487,
      "complete_response_processed": true,
      "processing_seconds": 15.875,
      "prepared_feedback_input_tokens": 22779,
      "input_mode": "ordinary",
      "requests_used_before_response": 6,
      "operations_used_before_response": 12,
      "saved_endpoint_response_status": "saved_json"
    },
    {
      "id": "C08",
      "input_tokens": 22779,
      "generated_tokens": 2309,
      "input_plus_generation": 25088,
      "cached_input_tokens": 0,
      "model_seconds": 207.625,
      "complete_response_processed": true,
      "processing_seconds": 13.796999999991385,
      "prepared_feedback_input_tokens": 22783,
      "input_mode": "ordinary",
      "requests_used_before_response": 7,
      "operations_used_before_response": 13,
      "saved_endpoint_response_status": "saved_json"
    },
    {
      "id": "C09",
      "input_tokens": 22783,
      "generated_tokens": 1715,
      "input_plus_generation": 24498,
      "cached_input_tokens": 0,
      "model_seconds": 160.17199999999139,
      "complete_response_processed": true,
      "processing_seconds": 14.155999999988126,
      "prepared_feedback_input_tokens": 23627,
      "input_mode": "ordinary",
      "requests_used_before_response": 8,
      "operations_used_before_response": 14,
      "saved_endpoint_response_status": "saved_json"
    },
    {
      "id": "C10",
      "input_tokens": 23627,
      "generated_tokens": 1100,
      "input_plus_generation": 24727,
      "cached_input_tokens": 0,
      "model_seconds": 129.60899999999674,
      "complete_response_processed": true,
      "processing_seconds": 13.09299999999348,
      "prepared_feedback_input_tokens": 8182,
      "input_mode": "ordinary",
      "requests_used_before_response": 9,
      "operations_used_before_response": 15,
      "saved_endpoint_response_status": "saved_json"
    },
    {
      "id": "C11",
      "input_tokens": 8182,
      "generated_tokens": 986,
      "input_plus_generation": 9168,
      "cached_input_tokens": 0,
      "model_seconds": 76.34299999999348,
      "complete_response_processed": true,
      "processing_seconds": 1.5160000000032596,
      "prepared_feedback_input_tokens": 16899,
      "input_mode": "recovery",
      "requests_used_before_response": 10,
      "operations_used_before_response": 16,
      "saved_endpoint_response_status": "saved_json"
    },
    {
      "id": "C12",
      "input_tokens": 16899,
      "generated_tokens": 2015,
      "input_plus_generation": 18914,
      "cached_input_tokens": 0,
      "model_seconds": 166.01599999997416,
      "complete_response_processed": true,
      "processing_seconds": 1.8589999999967404,
      "prepared_feedback_input_tokens": 17392,
      "input_mode": "ordinary",
      "requests_used_before_response": 11,
      "operations_used_before_response": 17,
      "saved_endpoint_response_status": "saved_json"
    },
    {
      "id": "C13",
      "input_tokens": 17392,
      "generated_tokens": 965,
      "input_plus_generation": 18357,
      "cached_input_tokens": 0,
      "model_seconds": 101.32800000000861,
      "complete_response_processed": true,
      "processing_seconds": 1.7969999999913853,
      "prepared_feedback_input_tokens": 20567,
      "input_mode": "ordinary",
      "requests_used_before_response": 12,
      "operations_used_before_response": 18,
      "saved_endpoint_response_status": "saved_json"
    },
    {
      "id": "C14",
      "input_tokens": 20567,
      "generated_tokens": 3194,
      "input_plus_generation": 23761,
      "cached_input_tokens": 0,
      "model_seconds": 256.5470000000205,
      "complete_response_processed": true,
      "processing_seconds": 3.0460000000020955,
      "prepared_feedback_input_tokens": 21549,
      "input_mode": "ordinary",
      "requests_used_before_response": 13,
      "operations_used_before_response": 19,
      "saved_endpoint_response_status": "saved_json"
    },
    {
      "id": "C15",
      "input_tokens": 21549,
      "generated_tokens": 2053,
      "input_plus_generation": 23602,
      "cached_input_tokens": 0,
      "model_seconds": 185.73399999999674,
      "complete_response_processed": true,
      "processing_seconds": 3.514999999984866,
      "prepared_feedback_input_tokens": 21400,
      "input_mode": "ordinary",
      "requests_used_before_response": 14,
      "operations_used_before_response": 21,
      "saved_endpoint_response_status": "saved_json"
    },
    {
      "id": "C16",
      "input_tokens": 21400,
      "generated_tokens": 1833,
      "input_plus_generation": 23233,
      "cached_input_tokens": 0,
      "model_seconds": 172.40599999998813,
      "complete_response_processed": true,
      "processing_seconds": 1.5309999999881256,
      "prepared_feedback_input_tokens": 21432,
      "input_mode": "ordinary",
      "requests_used_before_response": 15,
      "operations_used_before_response": 23,
      "saved_endpoint_response_status": "saved_json"
    },
    {
      "id": "C17",
      "input_tokens": 21432,
      "generated_tokens": 2132,
      "input_plus_generation": 23564,
      "cached_input_tokens": 0,
      "model_seconds": 191.84399999998277,
      "complete_response_processed": true,
      "processing_seconds": 3.0469999999913853,
      "prepared_feedback_input_tokens": 21665,
      "input_mode": "ordinary",
      "requests_used_before_response": 16,
      "operations_used_before_response": 24,
      "saved_endpoint_response_status": "saved_json"
    },
    {
      "id": "C18",
      "input_tokens": 21665,
      "generated_tokens": 917,
      "input_plus_generation": 22582,
      "cached_input_tokens": 0,
      "model_seconds": 110.90700000000652,
      "complete_response_processed": true,
      "processing_seconds": 2.125,
      "prepared_feedback_input_tokens": 21832,
      "input_mode": "ordinary",
      "requests_used_before_response": 17,
      "operations_used_before_response": 26,
      "saved_endpoint_response_status": "saved_json"
    },
    {
      "id": "C19",
      "input_tokens": 21832,
      "generated_tokens": 404,
      "input_plus_generation": 22236,
      "cached_input_tokens": 0,
      "model_seconds": 79.35899999999674,
      "complete_response_processed": true,
      "processing_seconds": 2.0469999999913853,
      "prepared_feedback_input_tokens": 21315,
      "input_mode": "ordinary",
      "requests_used_before_response": 18,
      "operations_used_before_response": 27,
      "saved_endpoint_response_status": "saved_json"
    }
  ],
  "no_additional_checker_model_or_native_execution": true,
  "interpretation_limits": [
    "Native sizing maxima include rejected/unsent proposals and are not sent input maxima.",
    "Unavailable generation or timing remains unknown rather than estimated.",
    "Generated usage includes thinking and final output; accounting does not identify wasted reasoning.",
    "Named source inspection, model interpretation, hidden acceptance and artifact preservation require separate audits.",
    "A prepared final receipt is not delivered to a nonexistent following request."
  ]
}
