{
  "status": "replayed_exactly",
  "completed_replies": 19,
  "requests_used": 19,
  "actual_operations": 28,
  "native_inputs": 63,
  "custody_records": 668,
  "checked_state_snapshots": 30,
  "source_files": 439,
  "fresh_original_entry": true,
  "initial_candidate_id": "2355c3eaa32dcf8db2659a75feb3a93309255fbff60e14b7f154dc34c47675c0",
  "submitted": true,
  "final_candidate_id": "23b5c17999963faf7453c68a6b537ae6c447555f77eb0a835bfa659ad47e89aa",
  "terminal_response": null,
  "observations": {
    "CHK-0027": {
      "candidate_id": "23b5c17999963faf7453c68a6b537ae6c447555f77eb0a835bfa659ad47e89aa",
      "checker_sha256": "e9a407cd0d0ddbafc7267dcf34fabb689afde8fc0bc49f8077a85e4d5fe59d59",
      "scope": "public",
      "passed": true,
      "termination": "completed",
      "capture_complete": true,
      "streams": {
        "stderr": {
          "capture_limit_bytes": 1048576,
          "captured_bytes": 0,
          "observed_pipe_bytes": 0,
          "sha256": "e3b0c44298fc1c149afbf4c8996fb92427ae41e4649b934ca495991b7852b855"
        },
        "stdout": {
          "capture_limit_bytes": 1048576,
          "captured_bytes": 15,
          "observed_pipe_bytes": 15,
          "sha256": "54f607c3002e2960c1eeda459e203edcd3148542bde1d19c54c5a622ddb6c374"
        }
      }
    }
  },
  "observations_replayed_without_execution": 1,
  "source_closure_and_preparation_verified": true,
  "every_saved_checkpoint_restored": true,
  "no_additional_checker_execution": true,
  "no_additional_model_inference": true,
  "no_additional_tokenization": true,
  "owned_runtime_closed": true,
  "executed_manifest_sha256": "c919e1707d072a7dddea01b8423131a499a9c1f4adcd58249821320468ce3c78",
  "preparation_seal_sha256": "1bc31cf1c583087f265743d9042c3031ec91dfd5c9210349f8d9ba559cfc4385",
  "verification_source_sha256": "08a1a8d8b45553c485a3993309b47066a768ad2d21da7d46886f6ba8f1f3f1fa",
  "runner_source_sha256": "195ab0668f7fc0f504c7cda917d6a317b0b56d2da0bfa9182338b794d019caed",
  "interpretation_and_artifact_review_required": true,
  "response_seal_sha256": "6550a09cdadf7369e6151bcf39ec8baef11c855df08b10bfb5fa022ceaf1182b",
  "records_sha256": "d1de31f9ff1e1adf11fd21e7a736713c610e80c357f4bf223853cc596ef62c0c",
  "strong_replay_core_sha256": "0c62d4c9d6285901d9d8c8017c2d366442148d26f12d422e2ce750f477532ed6",
  "reference_replay_core_sha256": "6f01393b6db585a1071462afa3a7dbea3691614135112c59529d01f00b7afdd8",
  "reference_core_replayed": true,
  "entry": "fresh_original_E20_SOURCE_IMPORT_BOUNDARIES_declared_continuous_coverage_policy",
  "hidden_evaluator_not_executed": true,
  "supplemental_evaluator_not_executed": true,
  "source_coverage": {
    "dispatched_source_witnesses": [
      {
        "path": "src/addressable_information_layer/artifact_units.py",
        "request": "C07",
        "start_line": 1,
        "end_line": 364,
        "source_result_handle": "RES-0012",
        "source_index": 0,
        "actual_wire_sha256": "f68c80f9e547fbc3775cc5fbac778583491af97bcfbe2607d912aab779ebd724"
      },
      {
        "path": "src/addressable_information_layer/artifact_units.py",
        "request": "C08",
        "start_line": 365,
        "end_line": 374,
        "source_result_handle": "RES-0013",
        "source_index": 0,
        "actual_wire_sha256": "cd662f2370a08241a8831418cc89e12f73982570d15a3a41e9b3ef0888777812"
      },
      {
        "path": "src/addressable_information_layer/artifact_units.py",
        "request": "C10",
        "start_line": 375,
        "end_line": 459,
        "source_result_handle": "RES-0015",
        "source_index": 0,
        "actual_wire_sha256": "7f75b75a0d84a775ae5e19ca3ec37852cf203045c44832a408123d68441fede2"
      },
      {
        "path": "src/addressable_information_layer/content_log.py",
        "request": "C06",
        "start_line": 1,
        "end_line": 70,
        "source_result_handle": "RES-0010",
        "source_index": 0,
        "actual_wire_sha256": "242b82ffdba4e278bc2b0a3a8f4847948ed9552f0e1bb09440d35130d3b6856b"
      },
      {
        "path": "src/addressable_information_layer/fixture_packs.py",
        "request": "C04",
        "start_line": 1,
        "end_line": 94,
        "source_result_handle": "RES-0006",
        "source_index": 0,
        "actual_wire_sha256": "87b5f38b01c067c3bf0150da00d80b3bce7bbc83306b189751f6d0bfa67eb245"
      },
      {
        "path": "src/addressable_information_layer/hashing.py",
        "request": "C12",
        "start_line": 1,
        "end_line": 39,
        "source_result_handle": "RES-0017",
        "source_index": 0,
        "actual_wire_sha256": "880a60bd6a4db9972c73f232fcca576200ad48ab2c5f46e25739468e3da5f109"
      },
      {
        "path": "src/addressable_information_layer/importers.py",
        "request": "C03",
        "start_line": 1,
        "end_line": 91,
        "source_result_handle": "RES-0004",
        "source_index": 0,
        "actual_wire_sha256": "f74a47d05452b6d810baa7a09d6da9a7ce383187360377ab7dae93912a8c4e8c"
      },
      {
        "path": "src/addressable_information_layer/policy.py",
        "request": "C12",
        "start_line": 1,
        "end_line": 140,
        "source_result_handle": "RES-0017",
        "source_index": 3,
        "actual_wire_sha256": "880a60bd6a4db9972c73f232fcca576200ad48ab2c5f46e25739468e3da5f109"
      },
      {
        "path": "src/addressable_information_layer/readiness.py",
        "request": "C12",
        "start_line": 1,
        "end_line": 141,
        "source_result_handle": "RES-0017",
        "source_index": 4,
        "actual_wire_sha256": "880a60bd6a4db9972c73f232fcca576200ad48ab2c5f46e25739468e3da5f109"
      },
      {
        "path": "src/addressable_information_layer/records.py",
        "request": "C05",
        "start_line": 1,
        "end_line": 460,
        "source_result_handle": "RES-0008",
        "source_index": 0,
        "actual_wire_sha256": "8ddab14bcbbad39387315f1f5771e05141c254bd5565f7ec950fb36719b68e70"
      },
      {
        "path": "src/addressable_information_layer/renderer.py",
        "request": "C12",
        "start_line": 1,
        "end_line": 227,
        "source_result_handle": "RES-0017",
        "source_index": 2,
        "actual_wire_sha256": "880a60bd6a4db9972c73f232fcca576200ad48ab2c5f46e25739468e3da5f109"
      },
      {
        "path": "src/addressable_information_layer/saved_runs.py",
        "request": "C02",
        "start_line": 1,
        "end_line": 266,
        "source_result_handle": "RES-0002",
        "source_index": 0,
        "actual_wire_sha256": "cf09e1e1335fb77cbe9d2c6a5a2c4f2785e7e880de28a9c07c9bbe555f3440c6"
      },
      {
        "path": "src/addressable_information_layer/storage.py",
        "request": "C12",
        "start_line": 1,
        "end_line": 58,
        "source_result_handle": "RES-0017",
        "source_index": 1,
        "actual_wire_sha256": "880a60bd6a4db9972c73f232fcca576200ad48ab2c5f46e25739468e3da5f109"
      }
    ],
    "first_mutation": {
      "action_handle": "EVT-0021",
      "candidate_id": "91d4b001242fe161e46550e814faa2c54065a9ee837a0f2e26b99048823c9fce",
      "coverage_sha256": "f0ad4556fe4a027e5f3ff5ffeec29a562acde006726915040cb23461cc3e0cef",
      "path": "src/addressable_information_layer/importers.py",
      "previous_candidate_id": "2355c3eaa32dcf8db2659a75feb3a93309255fbff60e14b7f154dc34c47675c0",
      "request_number": 14
    },
    "complete_coverage_is_not_comprehension": true,
    "all_saved_witnesses_authenticated_against_actual_wires": true
  },
  "named_source_inspection_and_semantic_artifact_review_required": true
}
