{
  "status": "verified_no_inference",
  "artifacts": 359,
  "source_bindings": 2232,
  "custody_records": 101,
  "native_forms": 44,
  "checkpoints": 8,
  "exact_source_presentations": 21,
  "initial_tokens": 11590,
  "peak_route_tokens": 20054,
  "check_outcomes": [
    false,
    true,
    true
  ],
  "preserved_non_target_files": 8,
  "inherited_operations": 152,
  "inherited_dispatches": 64,
  "final_c64_first_delivery_qualified": true,
  "completion_requests": 0,
  "runtime_closed": true,
  "memory": {
    "max_free_mib": 11663,
    "min_free_mib": 452,
    "samples": 826
  }
}
