{
  "status": "post_seal_hidden_pass",
  "evaluator_execution_attempted": true,
  "evaluator_executed": true,
  "actor_feedback": false,
  "additional_model_or_native_calls": false,
  "response_seal_sha256": "bde101537a5531ae0a1b260850728513bd3e719c9c488db7459311e4dc70d04d",
  "evaluator_source_sha256": "fccc062ce4b0a60c02f6866a2f7808214ab57ece974748f2853cb76374692bec",
  "saved_replay_helper_sha256": "1a41e95629a9aac8fd6de6eb65cd9f873c2600f06fcda3a8485645e781e58722",
  "evaluator_check_id": "hidden",
  "actor_disposition": "checked_submission",
  "custody": {
    "sealed_files": 228,
    "source_files": 460,
    "custody_records": 201,
    "records_sha256": "5c773d63996ba005bc6731d9c46dca24ff47a684a65d9e7222d86d76262b856c",
    "source_inventory_sha256": "4354bdcdbf8eaac4c1d2bcb6ed07ecdb3b0b1cc394ffbdc0b7479a9d93576ba6",
    "owned_runtime_closed": true
  },
  "original_candidate_id": "476f83a90c40b0897e1ab5d6bc00bbb52cf3a4fe60cc11c1dd47ab3da85d0172",
  "candidate_id": "5c7eba4fbad9c51325a9abc4f4b27c5b8d9eedb5b344558b5921915ed854a49f",
  "candidate_record": "final-candidate.json",
  "candidate_record_sha256": "1b85f1e4d9e5b69f2ad280a27eabbe4baa24c6077165e6c0745b72b95b426384",
  "state_record_sha256": "fa4e8cb1c86382898bd12188809303c95e87751b81117a655798849b0981c064",
  "actor_submitted": true,
  "actor_requests_used": 9,
  "actor_operations_used": 12,
  "original_hidden_checker_sha256": "54bcbe9f2619c8892914ba446e80e1bfb7e2a12d24c862712e336473a50330a6",
  "original_task_sha256": "8c79408f30136165061cd4f97bc36103a3a0672709156775edb8db5d66126267",
  "original_public_checker_sha256": "2ef1e2251d125e85664b09653c9957a0f9eb0f4f23105a22e99feaa7c9f50530",
  "original_observation_provenance_preserved": true,
  "prerequisite_checkpoint_restored": true,
  "source_exposure": {
    "dispatched_source_witnesses": [
      {
        "path": "src/addressable_information_layer/policy.py",
        "request": "C06",
        "start_line": 1,
        "end_line": 140,
        "bytes": 5742,
        "actual_wire_sha256": "5bac63e10b7d6398fd44f448e916bb383d5888d767f4f4a6444b9b638971848f",
        "source_result_handle": "RES-0008"
      },
      {
        "path": "src/addressable_information_layer/records.py",
        "request": "C05",
        "start_line": 1,
        "end_line": 460,
        "bytes": 12218,
        "actual_wire_sha256": "fd4cc129ba523e24710c8075323109dfafbf48b47dfa26a44af52f625efabd5c",
        "source_result_handle": "RES-0006"
      },
      {
        "path": "src/addressable_information_layer/summaries.py",
        "request": "C04",
        "start_line": 1,
        "end_line": 80,
        "bytes": 2882,
        "actual_wire_sha256": "689def252356e077c10fde205cfe04bee42d71987e1efc9c385a40a5c6a8a991",
        "source_result_handle": "RES-0005"
      },
      {
        "path": "src/addressable_information_layer/summary_graph.py",
        "request": "C03",
        "start_line": 1,
        "end_line": 148,
        "bytes": 6459,
        "actual_wire_sha256": "6bd81c00eb178e6c370166dd8427dec3e0784e48dc9b590979c74ad701f29830",
        "source_result_handle": "RES-0003"
      }
    ],
    "first_mutation": {
      "action_handle": "EVT-0009",
      "candidate_id": "3cfc0e5eec1c6d3e9ae73bc8b50a6910b838d364fd072dfa13bea12f770ecd28",
      "exposures_sha256": "ec56528293fffa9a3270b220977925e56ac88c90ac804c7187561a0c3c94490b",
      "path": "src/addressable_information_layer/summary_graph.py",
      "previous_candidate_id": "476f83a90c40b0897e1ab5d6bc00bbb52cf3a4fe60cc11c1dd47ab3da85d0172",
      "request_number": 6
    },
    "exposure_is_not_comprehension": true,
    "all_saved_witnesses_authenticated_against_actual_wires": true
  },
  "actor_verification": {
    "checks": {
      "public": {
        "handle": "RES-0011",
        "check_id": "public",
        "candidate_id": "5c7eba4fbad9c51325a9abc4f4b27c5b8d9eedb5b344558b5921915ed854a49f",
        "passed": true,
        "candidate_matches": true,
        "check_definition_matches": true,
        "applies_to_current": true,
        "assessment": {
          "observation": "CHK-0011",
          "scope": "public",
          "candidate_id": "5c7eba4fbad9c51325a9abc4f4b27c5b8d9eedb5b344558b5921915ed854a49f",
          "checker_sha256": "2ef1e2251d125e85664b09653c9957a0f9eb0f4f23105a22e99feaa7c9f50530",
          "executed": true,
          "passed": true,
          "termination": "completed",
          "returncode": 0,
          "observation_capture_complete": true,
          "assessment_available": true,
          "criteria": [],
          "input_observations": [],
          "failed_criteria": [],
          "raw_access": {
            "action": "inspect_observation",
            "observation": "CHK-0011",
            "stream": "stdout",
            "offset": 0
          },
          "explanation": "Original behavioral acceptance and actual execution. No injected faults in this task.",
          "failed_records_total": 0,
          "failed_records_shown": 0,
          "failed_records_remaining": 0
        },
        "inspect": {
          "action": "inspect_check",
          "observation": "CHK-0011",
          "offset": 0
        }
      }
    },
    "after_accepted_edit": {},
    "submission": {
      "scope": "public",
      "eligible": true
    },
    "outstanding": []
  },
  "artifact_assessment": {
    "original_files": 25,
    "final_files": 25,
    "changed_paths": [
      "src/addressable_information_layer/summary_graph.py"
    ],
    "untouched_files": 24,
    "target_changed": true,
    "non_target_file_count": 24,
    "all_24_non_target_files_byte_identical": true,
    "changed_non_target_paths": [],
    "existing_public_declarations_preserved": true,
    "api_comparisons": {
      "src/addressable_information_layer/summary_graph.py": {
        "existing_public_declarations_preserved": true,
        "missing": [],
        "differing": [],
        "added": []
      }
    },
    "diffs": {
      "src/addressable_information_layer/summary_graph.py": "--- src/addressable_information_layer/summary_graph.py\n+++ src/addressable_information_layer/summary_graph.py\n@@ -65,10 +65,10 @@\n     stale_artifact_summary_ids = stale_summaries(summaries, address_maps)\n     current_summary_ids = sorted(summary.summary_id for summary in summaries.values())\n     graph_summary_ids = sorted(graph.artifact_summary_ids)\n-    collection_stale = bool(stale_artifact_summary_ids) and current_summary_ids != graph_summary_ids\n+    collection_stale = bool(stale_artifact_summary_ids) or current_summary_ids != graph_summary_ids\n     if graph.collection_summary is not None:\n         collection_stale = collection_stale or sorted(graph.collection_summary.input_hashes) != graph_summary_ids\n-    missing_artifact_ids = sorted(artifact_id for artifact_id in address_maps if artifact_id not in summaries)\n+    missing_artifact_ids = sorted(artifact_id for artifact_id in summaries if artifact_id not in address_maps)\n     return {\n         \"graph_id\": graph.graph_id,\n         \"unit_summary_count\": len(graph.unit_summary_ids),\n"
    },
    "summary_graph_status_structure": {
      "first_collection_assignment": "collection_stale = bool(stale_artifact_summary_ids) or current_summary_ids != graph_summary_ids",
      "missing_id_assignment": "missing_artifact_ids = sorted((artifact_id for artifact_id in summaries if artifact_id not in address_maps))",
      "first_assignment_matches_inclusive_or_expression": true,
      "missing_ids_match_sorted_summary_without_map_expression": true,
      "only_these_two_statement_values_changed_in_ast": true,
      "source_lines_removed": 2,
      "source_lines_added": 2,
      "interpretation": "Syntactic observations for direct review, not a required reference-patch identity or a complete semantic proof."
    },
    "interpretation_limits": [
      "Static declarations are not a semantic equivalence proof; added declarations are reported, not prohibited.",
      "A syntactic two-statement match is descriptive; another substantively correct repair is not excluded.",
      "Collection-input handling, deterministic ordering and status representation still require direct source review.",
      "Unchanged bytes establish preservation, not correct use of those sources."
    ]
  },
  "limits": [
    "The original hidden script checks missing-map, fresh graph and differing graph IDs, not every collection-input, sorting or API case.",
    "Hidden execution is post-seal evaluator evidence, never actor feedback or an actor public check.",
    "Matching the historical OBS-0001 candidate does not transfer its legacy serializer assurance to this check.",
    "Verified exposure is not comprehension or substantive inspection; interpretation requires direct transcript review."
  ],
  "observation": {
    "candidate_id": "5c7eba4fbad9c51325a9abc4f4b27c5b8d9eedb5b344558b5921915ed854a49f",
    "checker_sha256": "54bcbe9f2619c8892914ba446e80e1bfb7e2a12d24c862712e336473a50330a6",
    "check_id": "hidden",
    "observation": "CHK-0001",
    "started_at_utc": "2026-10-02T13:51:16.829695+00:00",
    "stream_limit_bytes": 1048576,
    "storage_limit_bytes": 134217728,
    "timeout_seconds": 30,
    "completed_at_utc": "2026-10-02T13:51:17.037006+00:00",
    "executed": true,
    "accepted": true,
    "returncode": 0,
    "termination": "completed",
    "capture_complete": true,
    "passed": true,
    "streams": {
      "stderr": {
        "captured_bytes": 0,
        "observed_pipe_bytes": 0,
        "sha256": "e3b0c44298fc1c149afbf4c8996fb92427ae41e4649b934ca495991b7852b855",
        "capture_limit_bytes": 1048576
      },
      "stdout": {
        "captured_bytes": 30,
        "observed_pipe_bytes": 30,
        "sha256": "060cda254e3a0abc5dd6d4365d3867bebd7465701e8746939fdee1a741552331",
        "capture_limit_bytes": 1048576
      }
    }
  },
  "hidden_passed": true,
  "immutable_actor_records_unchanged": true
}
