{
  "status": "recomputed_from_sealed_saved_wires_and_endpoints",
  "response_seal_sha256": "bde101537a5531ae0a1b260850728513bd3e719c9c488db7459311e4dc70d04d",
  "verification_sha256": "baf0707f2b4509f5c25a942c0d6345d712d396eec8cbd508291eedd65cdd45bd",
  "accounting_source_sha256": "0de47044292ac4b9c031b77c9c0f0019b9a82d4105b2f83788bf3f2d7b60b240",
  "accounting_core_sha256": "ac4aca13f47dcaa529dc86e55540e0ec9945027c13013d1d7442e8ff7b4e40e9",
  "disposition": "checked_submission",
  "fresh_original_entry": true,
  "inherited_requests": 0,
  "inherited_operations": 0,
  "totals": {
    "sent_requests": 9,
    "complete_responses_processed": 9,
    "sent_input_tokens": 124276,
    "generated_tokens_observed": 6844,
    "missing_generation_usage": 0,
    "model_request_seconds_observed": 657.8890000000247,
    "missing_request_duration": 0,
    "response_processing_seconds_observed": 19.297999999980675,
    "peak_sent_input_tokens": 19367,
    "peak_generated_tokens": 1639,
    "peak_input_plus_generation": 20031
  },
  "operations": 12,
  "operation_types": {
    "reopen_observation": 1,
    "record_account": 3,
    "read": 4,
    "patch": 2,
    "check": 1,
    "submit": 1
  },
  "native_measurements_including_unsent": 13,
  "peak_native_input_including_unsent": 19367,
  "task_loop_seconds": 707.9530000000086,
  "final_feedback_has_no_later_request": true,
  "final_candidate_id": "5c7eba4fbad9c51325a9abc4f4b27c5b8d9eedb5b344558b5921915ed854a49f",
  "submitted": true,
  "runtime_closure": {
    "dedicated_port_free": true,
    "effective_runtime": {
      "context_matches": true,
      "cuda_failure_observed": false,
      "full_offload": true,
      "mtp_disabled": true,
      "q4_k_and_v": true,
      "truncation_observed": false
    },
    "memory": {
      "max_free_mib": 11625,
      "min_free_mib": 242,
      "samples": 3461
    },
    "owned_server_shutdown_verified": true
  },
  "calls": [
    {
      "id": "C01",
      "input_tokens": 6267,
      "generated_tokens": 423,
      "input_plus_generation": 6690,
      "cached_input_tokens": 0,
      "model_seconds": 34.953000000008615,
      "complete_response_processed": true,
      "processing_seconds": 1.4539999999979045,
      "prepared_feedback_input_tokens": 6733,
      "input_mode": "ordinary",
      "requests_used_before_response": 0,
      "operations_used_before_response": 0,
      "saved_endpoint_response_status": "saved_json"
    },
    {
      "id": "C02",
      "input_tokens": 6733,
      "generated_tokens": 484,
      "input_plus_generation": 7217,
      "cached_input_tokens": 0,
      "model_seconds": 39.42200000002049,
      "complete_response_processed": true,
      "processing_seconds": 3.0160000000032596,
      "prepared_feedback_input_tokens": 9417,
      "input_mode": "ordinary",
      "requests_used_before_response": 1,
      "operations_used_before_response": 1,
      "saved_endpoint_response_status": "saved_json"
    },
    {
      "id": "C03",
      "input_tokens": 9417,
      "generated_tokens": 799,
      "input_plus_generation": 10216,
      "cached_input_tokens": 0,
      "model_seconds": 63.562000000005355,
      "complete_response_processed": true,
      "processing_seconds": 3.062000000005355,
      "prepared_feedback_input_tokens": 11203,
      "input_mode": "ordinary",
      "requests_used_before_response": 2,
      "operations_used_before_response": 3,
      "saved_endpoint_response_status": "saved_json"
    },
    {
      "id": "C04",
      "input_tokens": 11203,
      "generated_tokens": 545,
      "input_plus_generation": 11748,
      "cached_input_tokens": 0,
      "model_seconds": 53.937999999994645,
      "complete_response_processed": true,
      "processing_seconds": 1.4690000000118744,
      "prepared_feedback_input_tokens": 15471,
      "input_mode": "ordinary",
      "requests_used_before_response": 3,
      "operations_used_before_response": 5,
      "saved_endpoint_response_status": "saved_json"
    },
    {
      "id": "C05",
      "input_tokens": 15471,
      "generated_tokens": 774,
      "input_plus_generation": 16245,
      "cached_input_tokens": 0,
      "model_seconds": 77.56200000000536,
      "complete_response_processed": true,
      "processing_seconds": 3.8589999999967404,
      "prepared_feedback_input_tokens": 17805,
      "input_mode": "ordinary",
      "requests_used_before_response": 4,
      "operations_used_before_response": 6,
      "saved_endpoint_response_status": "saved_json"
    },
    {
      "id": "C06",
      "input_tokens": 17805,
      "generated_tokens": 1639,
      "input_plus_generation": 19444,
      "cached_input_tokens": 0,
      "model_seconds": 133.23400000002584,
      "complete_response_processed": true,
      "processing_seconds": 1.562999999994645,
      "prepared_feedback_input_tokens": 19063,
      "input_mode": "ordinary",
      "requests_used_before_response": 5,
      "operations_used_before_response": 8,
      "saved_endpoint_response_status": "saved_json"
    },
    {
      "id": "C07",
      "input_tokens": 19063,
      "generated_tokens": 884,
      "input_plus_generation": 19947,
      "cached_input_tokens": 0,
      "model_seconds": 93.89099999997416,
      "complete_response_processed": true,
      "processing_seconds": 1.5469999999913853,
      "prepared_feedback_input_tokens": 18950,
      "input_mode": "ordinary",
      "requests_used_before_response": 6,
      "operations_used_before_response": 9,
      "saved_endpoint_response_status": "saved_json"
    },
    {
      "id": "C08",
      "input_tokens": 18950,
      "generated_tokens": 632,
      "input_plus_generation": 19582,
      "cached_input_tokens": 0,
      "model_seconds": 79.21799999999348,
      "complete_response_processed": true,
      "processing_seconds": 1.812000000005355,
      "prepared_feedback_input_tokens": 19367,
      "input_mode": "ordinary",
      "requests_used_before_response": 7,
      "operations_used_before_response": 10,
      "saved_endpoint_response_status": "saved_json"
    },
    {
      "id": "C09",
      "input_tokens": 19367,
      "generated_tokens": 664,
      "input_plus_generation": 20031,
      "cached_input_tokens": 0,
      "model_seconds": 82.10899999999674,
      "complete_response_processed": true,
      "processing_seconds": 1.5159999999741558,
      "prepared_feedback_input_tokens": 18815,
      "input_mode": "ordinary",
      "requests_used_before_response": 8,
      "operations_used_before_response": 11,
      "saved_endpoint_response_status": "saved_json"
    }
  ],
  "no_additional_checker_model_or_native_execution": true,
  "interpretation_limits": [
    "Native sizing maxima include rejected/unsent proposals and are not sent input maxima.",
    "Unavailable generation or timing remains unknown rather than estimated.",
    "Generated usage includes thinking and final output; accounting does not identify wasted reasoning.",
    "Named source inspection, model interpretation, hidden acceptance and artifact preservation require separate audits.",
    "A prepared final receipt is not delivered to a nonexistent following request."
  ]
}
