{
  "status": "replayed_exactly",
  "completed_replies": 9,
  "requests_used": 9,
  "actual_operations": 12,
  "native_inputs": 13,
  "custody_records": 201,
  "checked_state_snapshots": 14,
  "source_files": 460,
  "fresh_original_entry": true,
  "initial_candidate_id": "476f83a90c40b0897e1ab5d6bc00bbb52cf3a4fe60cc11c1dd47ab3da85d0172",
  "submitted": true,
  "final_candidate_id": "5c7eba4fbad9c51325a9abc4f4b27c5b8d9eedb5b344558b5921915ed854a49f",
  "terminal_response": null,
  "observations": {
    "CHK-0011": {
      "candidate_id": "5c7eba4fbad9c51325a9abc4f4b27c5b8d9eedb5b344558b5921915ed854a49f",
      "checker_sha256": "2ef1e2251d125e85664b09653c9957a0f9eb0f4f23105a22e99feaa7c9f50530",
      "scope": "public",
      "passed": true,
      "termination": "completed",
      "capture_complete": true,
      "streams": {
        "stderr": {
          "capture_limit_bytes": 1048576,
          "captured_bytes": 0,
          "observed_pipe_bytes": 0,
          "sha256": "e3b0c44298fc1c149afbf4c8996fb92427ae41e4649b934ca495991b7852b855"
        },
        "stdout": {
          "capture_limit_bytes": 1048576,
          "captured_bytes": 15,
          "observed_pipe_bytes": 15,
          "sha256": "54f607c3002e2960c1eeda459e203edcd3148542bde1d19c54c5a622ddb6c374"
        }
      }
    }
  },
  "observations_replayed_without_execution": 1,
  "source_closure_and_preparation_verified": true,
  "every_saved_checkpoint_restored": true,
  "no_additional_checker_execution": true,
  "no_additional_model_inference": true,
  "no_additional_tokenization": true,
  "owned_runtime_closed": true,
  "executed_manifest_sha256": "30b6d60eb25b72e7ab5a5d2bdd8be8e4ed918363d2ff6ee1abb1fb48d04c12a7",
  "preparation_seal_sha256": "a8d9d5fa9de18115b7ab90724fe2d3f8daca66a4c9f22694a626e4c229bc39a7",
  "verification_source_sha256": "1a41e95629a9aac8fd6de6eb65cd9f873c2600f06fcda3a8485645e781e58722",
  "runner_source_sha256": "195ab0668f7fc0f504c7cda917d6a317b0b56d2da0bfa9182338b794d019caed",
  "interpretation_and_artifact_review_required": true,
  "response_seal_sha256": "bde101537a5531ae0a1b260850728513bd3e719c9c488db7459311e4dc70d04d",
  "records_sha256": "5c773d63996ba005bc6731d9c46dca24ff47a684a65d9e7222d86d76262b856c",
  "strong_replay_core_sha256": "0c62d4c9d6285901d9d8c8017c2d366442148d26f12d422e2ce750f477532ed6",
  "reference_replay_core_sha256": "6f01393b6db585a1071462afa3a7dbea3691614135112c59529d01f00b7afdd8",
  "reference_core_replayed": true,
  "reference_core_scope": "Unchanged reference core on supported endpoint shapes with both actually saved extracted files; other stopped response shapes are verified by the stronger existing core without normalizing recorded evidence.",
  "entry": "fresh_original_E19_OBS_SUMMARY_GRAPH_declared_source_exposure_policy",
  "hidden_evaluator_not_executed": true,
  "named_source_inspection_and_semantic_artifact_review_required": true,
  "source_exposure": {
    "dispatched_source_witnesses": [
      {
        "path": "src/addressable_information_layer/policy.py",
        "request": "C06",
        "start_line": 1,
        "end_line": 140,
        "bytes": 5742,
        "actual_wire_sha256": "5bac63e10b7d6398fd44f448e916bb383d5888d767f4f4a6444b9b638971848f",
        "source_result_handle": "RES-0008"
      },
      {
        "path": "src/addressable_information_layer/records.py",
        "request": "C05",
        "start_line": 1,
        "end_line": 460,
        "bytes": 12218,
        "actual_wire_sha256": "fd4cc129ba523e24710c8075323109dfafbf48b47dfa26a44af52f625efabd5c",
        "source_result_handle": "RES-0006"
      },
      {
        "path": "src/addressable_information_layer/summaries.py",
        "request": "C04",
        "start_line": 1,
        "end_line": 80,
        "bytes": 2882,
        "actual_wire_sha256": "689def252356e077c10fde205cfe04bee42d71987e1efc9c385a40a5c6a8a991",
        "source_result_handle": "RES-0005"
      },
      {
        "path": "src/addressable_information_layer/summary_graph.py",
        "request": "C03",
        "start_line": 1,
        "end_line": 148,
        "bytes": 6459,
        "actual_wire_sha256": "6bd81c00eb178e6c370166dd8427dec3e0784e48dc9b590979c74ad701f29830",
        "source_result_handle": "RES-0003"
      }
    ],
    "first_mutation": {
      "action_handle": "EVT-0009",
      "candidate_id": "3cfc0e5eec1c6d3e9ae73bc8b50a6910b838d364fd072dfa13bea12f770ecd28",
      "exposures_sha256": "ec56528293fffa9a3270b220977925e56ac88c90ac804c7187561a0c3c94490b",
      "path": "src/addressable_information_layer/summary_graph.py",
      "previous_candidate_id": "476f83a90c40b0897e1ab5d6bc00bbb52cf3a4fe60cc11c1dd47ab3da85d0172",
      "request_number": 6
    },
    "exposure_is_not_comprehension": true,
    "all_saved_witnesses_authenticated_against_actual_wires": true
  },
  "imported_observation_bindings_unchanged": true,
  "capture_inspection_source_sha256": "a51e014c82696ee7310f1c3403effbe3783b99e627a5032c663dae1af3e78af4",
  "imported_acquisitions": [
    {
      "sequence": 1,
      "handle": "OBS-0002",
      "accepted": true,
      "bound_capture_verified": true
    }
  ],
  "capture_presentations": [
    {
      "request_file": "calls/C01-wire-request.json",
      "actual_capture_bytes_shown": []
    },
    {
      "request_file": "calls/C02-wire-request.json",
      "actual_capture_bytes_shown": [
        {
          "origin": "latest_feedback",
          "handle": "OBS-0002",
          "representation": "complete_capture_receipt",
          "result_handle": "RES-0001",
          "content_bytes": 336,
          "content_sha256": "ded69e6122e96655d3839d13402c2a36d3533fe61c91f55a889c9f7dfbe101c9"
        }
      ]
    },
    {
      "request_file": "calls/C03-wire-request.json",
      "actual_capture_bytes_shown": [
        {
          "origin": "working_set.saved_results",
          "handle": "OBS-0002",
          "result_handle": "RES-0001",
          "representation": "serialized_capture_receipt_page",
          "offset": 0,
          "end_offset": 756,
          "shown_bytes": 756,
          "total_bytes": 756,
          "complete_receipt_shown": true,
          "page_sha256": "8bc0f2b09dd68bc36eb8485bb1f043bfd339dbf794ddf3aefd031fe07c079a1b"
        }
      ]
    },
    {
      "request_file": "calls/C04-wire-request.json",
      "actual_capture_bytes_shown": [
        {
          "origin": "working_set.saved_results",
          "handle": "OBS-0002",
          "result_handle": "RES-0001",
          "representation": "serialized_capture_receipt_page",
          "offset": 0,
          "end_offset": 756,
          "shown_bytes": 756,
          "total_bytes": 756,
          "complete_receipt_shown": true,
          "page_sha256": "8bc0f2b09dd68bc36eb8485bb1f043bfd339dbf794ddf3aefd031fe07c079a1b"
        }
      ]
    },
    {
      "request_file": "calls/C05-wire-request.json",
      "actual_capture_bytes_shown": [
        {
          "origin": "working_set.saved_results",
          "handle": "OBS-0002",
          "result_handle": "RES-0001",
          "representation": "serialized_capture_receipt_page",
          "offset": 0,
          "end_offset": 756,
          "shown_bytes": 756,
          "total_bytes": 756,
          "complete_receipt_shown": true,
          "page_sha256": "8bc0f2b09dd68bc36eb8485bb1f043bfd339dbf794ddf3aefd031fe07c079a1b"
        }
      ]
    },
    {
      "request_file": "calls/C06-wire-request.json",
      "actual_capture_bytes_shown": [
        {
          "origin": "working_set.saved_results",
          "handle": "OBS-0002",
          "result_handle": "RES-0001",
          "representation": "serialized_capture_receipt_page",
          "offset": 0,
          "end_offset": 756,
          "shown_bytes": 756,
          "total_bytes": 756,
          "complete_receipt_shown": true,
          "page_sha256": "8bc0f2b09dd68bc36eb8485bb1f043bfd339dbf794ddf3aefd031fe07c079a1b"
        }
      ]
    },
    {
      "request_file": "calls/C07-wire-request.json",
      "actual_capture_bytes_shown": [
        {
          "origin": "working_set.saved_results",
          "handle": "OBS-0002",
          "result_handle": "RES-0001",
          "representation": "serialized_capture_receipt_page",
          "offset": 0,
          "end_offset": 756,
          "shown_bytes": 756,
          "total_bytes": 756,
          "complete_receipt_shown": true,
          "page_sha256": "8bc0f2b09dd68bc36eb8485bb1f043bfd339dbf794ddf3aefd031fe07c079a1b"
        }
      ]
    },
    {
      "request_file": "calls/C08-wire-request.json",
      "actual_capture_bytes_shown": [
        {
          "origin": "working_set.saved_results",
          "handle": "OBS-0002",
          "result_handle": "RES-0001",
          "representation": "serialized_capture_receipt_page",
          "offset": 0,
          "end_offset": 756,
          "shown_bytes": 756,
          "total_bytes": 756,
          "complete_receipt_shown": true,
          "page_sha256": "8bc0f2b09dd68bc36eb8485bb1f043bfd339dbf794ddf3aefd031fe07c079a1b"
        }
      ]
    },
    {
      "request_file": "calls/C09-wire-request.json",
      "actual_capture_bytes_shown": [
        {
          "origin": "working_set.saved_results",
          "handle": "OBS-0002",
          "result_handle": "RES-0001",
          "representation": "serialized_capture_receipt_page",
          "offset": 0,
          "end_offset": 756,
          "shown_bytes": 756,
          "total_bytes": 756,
          "complete_receipt_shown": true,
          "page_sha256": "8bc0f2b09dd68bc36eb8485bb1f043bfd339dbf794ddf3aefd031fe07c079a1b"
        }
      ]
    }
  ],
  "capture_delivery_does_not_establish_interpretation": true
}
