{
  "status": "metrics_usage_boundary_passed",
  "cases": [
    {
      "case": "normal",
      "generated_tokens": 5,
      "cached_input_tokens": 0,
      "passed": true
    },
    {
      "case": "details_none",
      "generated_tokens": 5,
      "cached_input_tokens": null,
      "passed": true
    },
    {
      "case": "details_list",
      "generated_tokens": 5,
      "cached_input_tokens": null,
      "passed": true
    },
    {
      "case": "negative_generation",
      "generated_tokens": null,
      "cached_input_tokens": null,
      "passed": true
    },
    {
      "case": "zero_generation",
      "generated_tokens": null,
      "cached_input_tokens": null,
      "passed": true
    },
    {
      "case": "generation_bool",
      "generated_tokens": null,
      "cached_input_tokens": null,
      "passed": true
    },
    {
      "case": "physical_boundary",
      "generated_tokens": 56566,
      "cached_input_tokens": null,
      "passed": true
    },
    {
      "case": "physical_overflow",
      "generated_tokens": null,
      "cached_input_tokens": null,
      "passed": true
    },
    {
      "case": "wrong_prompt",
      "generated_tokens": null,
      "cached_input_tokens": null,
      "passed": true
    },
    {
      "case": "usage_none",
      "generated_tokens": null,
      "cached_input_tokens": null,
      "passed": true
    },
    {
      "case": "usage_list",
      "generated_tokens": null,
      "cached_input_tokens": null,
      "passed": true
    }
  ],
  "checker_model_native_calls": 0,
  "temp_fixture_only": true
}
