{
  "status": "recomputed_from_sealed_saved_wires_and_endpoints",
  "response_seal_sha256": "b07393cd45182f1427645006fa137f6154064f80653dfaa81bf0fdffea3e26ab",
  "original_seal_sha256": "22261c75844433e47dd3f65f71cdc4b40801085bcd3f95e1ee42003e20607645",
  "verification_sha256": "0572580e07d1c880ffebb2dae46d7e3147e395fd75b14804499d512c83bb23eb",
  "accounting_source_sha256": "ac4aca13f47dcaa529dc86e55540e0ec9945027c13013d1d7442e8ff7b4e40e9",
  "disposition": "checked_submission",
  "inherited": {
    "sent_requests": 20,
    "complete_responses_processed": 20,
    "sent_input_tokens": 263924,
    "generated_tokens_observed": 50169,
    "missing_generation_usage": 0,
    "model_request_seconds_observed": 3430.2800000000134,
    "missing_request_duration": 0,
    "response_processing_seconds_observed": 131.42500000001746,
    "peak_sent_input_tokens": 23801,
    "peak_generated_tokens": 10678,
    "peak_input_plus_generation": 27724
  },
  "new": {
    "sent_requests": 12,
    "complete_responses_processed": 12,
    "sent_input_tokens": 204200,
    "generated_tokens_observed": 90558,
    "missing_generation_usage": 0,
    "model_request_seconds_observed": 5814.671999999977,
    "missing_request_duration": 0,
    "response_processing_seconds_observed": 83.73199999998906,
    "peak_sent_input_tokens": 19464,
    "peak_generated_tokens": 23930,
    "peak_input_plus_generation": 40594
  },
  "cumulative": {
    "sent_requests": 32,
    "complete_responses_processed": 32,
    "sent_input_tokens": 468124,
    "generated_tokens_observed": 140727,
    "missing_generation_usage": 0,
    "model_request_seconds_observed": 9244.95199999999,
    "missing_request_duration": 0,
    "response_processing_seconds_observed": 215.15700000000652,
    "peak_sent_input_tokens": 23801,
    "peak_generated_tokens": 23930,
    "peak_input_plus_generation": 40594
  },
  "inherited_operations": 30,
  "new_operations": 17,
  "cumulative_operations": 47,
  "new_operation_types": {
    "record_account": 3,
    "patch": 6,
    "check": 2,
    "read": 5,
    "submit": 1
  },
  "new_native_measurements_including_unsent": 18,
  "new_peak_native_input_including_unsent": 19464,
  "new_task_loop_seconds": 6016.203000000009,
  "final_feedback_has_no_later_request": true,
  "final_candidate_id": "f0fe4cd991966428a69696729ac35eec6446b68f9d90b1dc6e26840ca7b75863",
  "submitted": true,
  "runtime_closure": {
    "dedicated_port_free": true,
    "effective_runtime": {
      "context_matches": true,
      "cuda_failure_observed": false,
      "full_offload": true,
      "mtp_disabled": true,
      "q4_k_and_v": true,
      "truncation_observed": false
    },
    "memory": {
      "max_free_mib": 11625,
      "min_free_mib": 242,
      "samples": 29234
    },
    "owned_server_shutdown_verified": true
  },
  "calls": [
    {
      "id": "C21",
      "input_tokens": 16664,
      "generated_tokens": 23930,
      "input_plus_generation": 40594,
      "cached_input_tokens": 0,
      "model_seconds": 1492.5469999999914,
      "complete_response_processed": true,
      "processing_seconds": 9.702999999994063,
      "prepared_feedback_input_tokens": 15727,
      "input_mode": "recovery",
      "requests_used_before_response": 20,
      "operations_used_before_response": 30
    },
    {
      "id": "C22",
      "input_tokens": 15727,
      "generated_tokens": 17474,
      "input_plus_generation": 33201,
      "cached_input_tokens": 0,
      "model_seconds": 1067.1089999999967,
      "complete_response_processed": true,
      "processing_seconds": 9.889999999999418,
      "prepared_feedback_input_tokens": 16338,
      "input_mode": "recovery",
      "requests_used_before_response": 21,
      "operations_used_before_response": 32
    },
    {
      "id": "C23",
      "input_tokens": 16338,
      "generated_tokens": 536,
      "input_plus_generation": 16874,
      "cached_input_tokens": 0,
      "model_seconds": 66.60899999999674,
      "complete_response_processed": true,
      "processing_seconds": 4.967999999993481,
      "prepared_feedback_input_tokens": 15791,
      "input_mode": "recovery",
      "requests_used_before_response": 22,
      "operations_used_before_response": 34
    },
    {
      "id": "C24",
      "input_tokens": 15791,
      "generated_tokens": 751,
      "input_plus_generation": 16542,
      "cached_input_tokens": 0,
      "model_seconds": 77.11000000000058,
      "complete_response_processed": true,
      "processing_seconds": 4.5939999999973224,
      "prepared_feedback_input_tokens": 16029,
      "input_mode": "recovery",
      "requests_used_before_response": 23,
      "operations_used_before_response": 35
    },
    {
      "id": "C25",
      "input_tokens": 16029,
      "generated_tokens": 1359,
      "input_plus_generation": 17388,
      "cached_input_tokens": 0,
      "model_seconds": 111.73500000000058,
      "complete_response_processed": true,
      "processing_seconds": 9.062999999994645,
      "prepared_feedback_input_tokens": 16788,
      "input_mode": "recovery",
      "requests_used_before_response": 24,
      "operations_used_before_response": 36
    },
    {
      "id": "C26",
      "input_tokens": 16788,
      "generated_tokens": 4688,
      "input_plus_generation": 21476,
      "cached_input_tokens": 0,
      "model_seconds": 304.43799999999464,
      "complete_response_processed": true,
      "processing_seconds": 4.577999999994063,
      "prepared_feedback_input_tokens": 17152,
      "input_mode": "recovery",
      "requests_used_before_response": 25,
      "operations_used_before_response": 38
    },
    {
      "id": "C27",
      "input_tokens": 17152,
      "generated_tokens": 12257,
      "input_plus_generation": 29409,
      "cached_input_tokens": 0,
      "model_seconds": 757.7809999999881,
      "complete_response_processed": true,
      "processing_seconds": 9.937999999994645,
      "prepared_feedback_input_tokens": 17276,
      "input_mode": "recovery",
      "requests_used_before_response": 26,
      "operations_used_before_response": 39
    },
    {
      "id": "C28",
      "input_tokens": 17276,
      "generated_tokens": 1909,
      "input_plus_generation": 19185,
      "cached_input_tokens": 0,
      "model_seconds": 146.89100000000326,
      "complete_response_processed": true,
      "processing_seconds": 4.9210000000020955,
      "prepared_feedback_input_tokens": 17413,
      "input_mode": "recovery",
      "requests_used_before_response": 27,
      "operations_used_before_response": 41
    },
    {
      "id": "C29",
      "input_tokens": 17413,
      "generated_tokens": 11466,
      "input_plus_generation": 28879,
      "cached_input_tokens": 0,
      "model_seconds": 711.6710000000021,
      "complete_response_processed": true,
      "processing_seconds": 4.98399999999674,
      "prepared_feedback_input_tokens": 17180,
      "input_mode": "recovery",
      "requests_used_before_response": 28,
      "operations_used_before_response": 42
    },
    {
      "id": "C30",
      "input_tokens": 17180,
      "generated_tokens": 3159,
      "input_plus_generation": 20339,
      "cached_input_tokens": 0,
      "model_seconds": 218.14100000000326,
      "complete_response_processed": true,
      "processing_seconds": 5.078000000008615,
      "prepared_feedback_input_tokens": 18378,
      "input_mode": "recovery",
      "requests_used_before_response": 29,
      "operations_used_before_response": 43
    },
    {
      "id": "C31",
      "input_tokens": 18378,
      "generated_tokens": 12805,
      "input_plus_generation": 31183,
      "cached_input_tokens": 0,
      "model_seconds": 803.4370000000054,
      "complete_response_processed": true,
      "processing_seconds": 10.937000000005355,
      "prepared_feedback_input_tokens": 19464,
      "input_mode": "recovery",
      "requests_used_before_response": 30,
      "operations_used_before_response": 44
    },
    {
      "id": "C32",
      "input_tokens": 19464,
      "generated_tokens": 224,
      "input_plus_generation": 19688,
      "cached_input_tokens": 0,
      "model_seconds": 57.20299999999406,
      "complete_response_processed": true,
      "processing_seconds": 5.078000000008615,
      "prepared_feedback_input_tokens": 18459,
      "input_mode": "recovery",
      "requests_used_before_response": 31,
      "operations_used_before_response": 46
    }
  ],
  "no_additional_checker_model_or_native_execution": true,
  "interpretation_limits": [
    "New and cumulative adaptive request counts remain distinct; no allowance was reset.",
    "A prepared final receipt is not delivered to a nonexistent following request.",
    "Native sizing maxima include rejected/unsent proposals and are not sent input maxima.",
    "Unavailable generation or timing remains unknown rather than estimated.",
    "Generated usage includes thinking and final output; accounting does not identify wasted reasoning."
  ]
}
