{
  "status": "replayed_exactly",
  "completed_new_replies": 12,
  "new_requests": 12,
  "inherited_requests": 20,
  "cumulative_requests": 32,
  "inherited_operations": 30,
  "new_operations": 17,
  "cumulative_operations": 47,
  "native_inputs": 18,
  "custody_records": 275,
  "checked_state_snapshots": 19,
  "source_files": 1545,
  "fresh_original_entry": false,
  "entry": "saved_work_continuation_with_declared_extra_opportunity",
  "original_entry_candidate_id": "2921cbc8a115c86871a11f8eaea929c3d48a8e4d2bb2ca03bf48971c36cf15cd",
  "initial_candidate_id": "83d8704c0a98ca6b201c991c56951d2e95bc060af33523531aa0b7789bf304ef",
  "original_run_seal_sha256": "22261c75844433e47dd3f65f71cdc4b40801085bcd3f95e1ee42003e20607645",
  "inherited_custody_records": 898,
  "submitted": true,
  "final_candidate_id": "f0fe4cd991966428a69696729ac35eec6446b68f9d90b1dc6e26840ca7b75863",
  "terminal_response": null,
  "observations": {
    "CHK-0030": {
      "candidate_id": "83d8704c0a98ca6b201c991c56951d2e95bc060af33523531aa0b7789bf304ef",
      "checker_sha256": "fea743cb4976dd1de60de15cf1e54c5fdee863466c29196ce0f411c802229740",
      "scope": "tests",
      "passed": false,
      "termination": "completed",
      "capture_complete": true,
      "streams": {
        "stderr": {
          "capture_limit_bytes": 1048576,
          "captured_bytes": 0,
          "observed_pipe_bytes": 0,
          "sha256": "e3b0c44298fc1c149afbf4c8996fb92427ae41e4649b934ca495991b7852b855"
        },
        "stdout": {
          "capture_limit_bytes": 1048576,
          "captured_bytes": 14130,
          "observed_pipe_bytes": 14130,
          "sha256": "da0b3ef05961dc648baec2a15f9dfda9cf46a7190772c2ca3c749b6ed3f054ce"
        }
      }
    },
    "CHK-0034": {
      "candidate_id": "07f14bb526d178ba556aff49d52ea553b6d2111685cf167737994a5571b8e70e",
      "checker_sha256": "fea743cb4976dd1de60de15cf1e54c5fdee863466c29196ce0f411c802229740",
      "scope": "tests",
      "passed": true,
      "termination": "completed",
      "capture_complete": true,
      "streams": {
        "stderr": {
          "capture_limit_bytes": 1048576,
          "captured_bytes": 0,
          "observed_pipe_bytes": 0,
          "sha256": "e3b0c44298fc1c149afbf4c8996fb92427ae41e4649b934ca495991b7852b855"
        },
        "stdout": {
          "capture_limit_bytes": 1048576,
          "captured_bytes": 15864,
          "observed_pipe_bytes": 15864,
          "sha256": "59e8a0d0261eaa5f64d3bde80ac5e87a48f8b1fdf7b9a7e90efdefbe9601f685"
        }
      }
    },
    "CHK-0046": {
      "candidate_id": "f0fe4cd991966428a69696729ac35eec6446b68f9d90b1dc6e26840ca7b75863",
      "checker_sha256": "35678aad223ca8e45b470af7dc965e138b2cd7fb63881c40d6381460a76b0aa6",
      "scope": "public",
      "passed": true,
      "termination": "completed",
      "capture_complete": true,
      "streams": {
        "stderr": {
          "capture_limit_bytes": 1048576,
          "captured_bytes": 0,
          "observed_pipe_bytes": 0,
          "sha256": "e3b0c44298fc1c149afbf4c8996fb92427ae41e4649b934ca495991b7852b855"
        },
        "stdout": {
          "capture_limit_bytes": 1048576,
          "captured_bytes": 15935,
          "observed_pipe_bytes": 15935,
          "sha256": "6a3eb7c897adfc92107fae0241dbfc96d89c3bd8804ba757126de0c1598c58f7"
        }
      }
    }
  },
  "observations_replayed_without_execution": 3,
  "source_closure_and_preparation_verified": true,
  "every_saved_checkpoint_restored": true,
  "no_additional_checker_execution": true,
  "no_additional_model_inference": true,
  "no_additional_tokenization": true,
  "owned_runtime_closed": true,
  "response_seal_sha256": "b07393cd45182f1427645006fa137f6154064f80653dfaa81bf0fdffea3e26ab",
  "records_sha256": "53b976c3765ea7263c3dbdc95d012586429808cd7723fb154ca3ccb3ad56f312",
  "executed_manifest_sha256": "52ac449369b200ce5793a986807c484177e32f96b9c8b94972008a396de8dbf1",
  "preparation_seal_sha256": "8d490de0ee568cc4a640c2cb92b6f3c192c905536d344ed95dcddb4b1f8aa6c7",
  "verification_source_sha256": "9e38a5f2d8764671a0509a88e4b100ecff2a10fbe3ee486ac65e97a4ec7b87ae",
  "runner_source_sha256": "195ab0668f7fc0f504c7cda917d6a317b0b56d2da0bfa9182338b794d019caed",
  "interpretation_and_artifact_review_required": true
}
