{
  "status": "verified_no_inference",
  "artifacts": 141,
  "source_bindings": 3008,
  "custody_records": 21,
  "new_decoder_cases": 0,
  "reused_native_cases": 44,
  "checkpoints": 1,
  "exact_source_presentations": 12,
  "sources": [
    {
      "view": "initial",
      "path": "Doc/library/configparser.rst",
      "first": 1,
      "last": 100
    },
    {
      "view": "initial",
      "path": "Doc/library/configparser.rst",
      "first": 330,
      "last": 546
    },
    {
      "view": "initial",
      "path": "Lib/configparser.py",
      "first": 260,
      "last": 290
    },
    {
      "view": "initial",
      "path": "Lib/test/test_configparser.py",
      "first": 2200,
      "last": 2364
    },
    {
      "view": "route-input",
      "path": "Doc/library/configparser.rst",
      "first": 1,
      "last": 100
    },
    {
      "view": "route-input",
      "path": "Doc/library/configparser.rst",
      "first": 330,
      "last": 546
    },
    {
      "view": "route-input",
      "path": "Lib/configparser.py",
      "first": 260,
      "last": 290
    },
    {
      "view": "route-input",
      "path": "Lib/test/test_configparser.py",
      "first": 2200,
      "last": 2364
    },
    {
      "view": "route-following",
      "path": "Doc/library/configparser.rst",
      "first": 1,
      "last": 100
    },
    {
      "view": "route-following",
      "path": "Doc/library/configparser.rst",
      "first": 330,
      "last": 546
    },
    {
      "view": "route-following",
      "path": "Lib/configparser.py",
      "first": 260,
      "last": 290
    },
    {
      "view": "route-following",
      "path": "Lib/test/test_configparser.py",
      "first": 2200,
      "last": 2364
    }
  ],
  "initial_tokens": 14977,
  "following_tokens": 13925,
  "scripted_new_checks": 0,
  "scripted_operations": 1,
  "candidate_unchanged": true,
  "inherited_dispatches": 80,
  "inherited_operations": 187,
  "pending_receipts_first_delivery": [
    185,
    186,
    187
  ],
  "snapshot_changed_fields": [
    "call_limit",
    "request_limit",
    "starting_archive_length"
  ],
  "completion_requests": 0,
  "runtime_closed": true,
  "memory": {
    "max_free_mib": 11663,
    "min_free_mib": 452,
    "samples": 203
  }
}
