{"disposition": "checked_submission", "sent_requests": 1, "actual_operations": 2, "exact_artifacts": 111, "source_bindings": 3008, "custody_records": 45, "total_input_tokens": 14977, "total_output_tokens": 371, "maximum_input_tokens": 14977, "maximum_combined_tokens": 15348}
{
  "status": "verified",
  "initial_wire_identical_to_qualified": true,
  "pending_receipts_first_presented": [
    185,
    186,
    187
  ],
  "pass_present_in_first_input": true,
  "natural_account_preserved_at_entry": true,
  "candidate_unchanged": true,
  "prior_history_preserved": true,
  "submitted": true,
  "private_runtime_hashes_verified": 3,
  "new_actions": [
    "record_account",
    "submit"
  ]
}
Verified exact source presentations: 4
