{
  "case": "E12-OBS-COMPASS",
  "original_contract_screen_passed": false,
  "changed_files": [
    "codec/header.py",
    "codec/label.py",
    "workflow/progress.py"
  ],
  "checks": [
    {
      "label": "original_A",
      "candidate_id": "5c6e6a38b665a8e961dc1c3e0258165b10f764cbe24fa10d704f8902acc8f173",
      "program_sha256": "58a04226518cb70b9948374903c7108231d6f9bc356b06b0b925e3111f35229a",
      "returncode": 0,
      "stdout": "phase A passed\r\n",
      "stderr": ""
    },
    {
      "label": "original_B",
      "candidate_id": "d35e558331165bd9d435abf5ff3322fd7912d98837077482e68c26dcdfaa4027",
      "program_sha256": "9585250bd45614f6c84441d2fdaad3872acbe18dc862b0fcd4b3174ce46df52d",
      "returncode": 0,
      "stdout": "phase B passed\r\n",
      "stderr": ""
    },
    {
      "label": "original_D_on_final",
      "candidate_id": "ee8f775c728d24c40507664e7a7db8b7ec79fe5e6684f2f2275995f1058b6bc6",
      "program_sha256": "a66aab61953d5c49950c17deb8ebc9b89bb442879b91965f1e91031eaf0bd513",
      "returncode": 1,
      "stdout": "",
      "stderr": "Traceback (most recent call last):\r\n  File \"C:\\Users\\danmc\\AppData\\Local\\Temp\\orbit-independent-xkvcniv3\\_independent_review.py\", line 7, in <module>\r\n    assert codec_footer(' q7 ') == 'C9::Q7'\r\n           ^^^^^^^^^^^^^^^^^^^^^^^^^^^^^^^^\r\nAssertionError\r\n"
    },
    {
      "label": "independent_A",
      "candidate_id": "5c6e6a38b665a8e961dc1c3e0258165b10f764cbe24fa10d704f8902acc8f173",
      "program_sha256": "46abb28dcc648577a1ea310b9bdf341f274af4fe6dd3a2ba6760989d56094fcc",
      "returncode": 0,
      "stdout": "independent normalization/preservation examples passed\r\n",
      "stderr": ""
    },
    {
      "label": "independent_B",
      "candidate_id": "d35e558331165bd9d435abf5ff3322fd7912d98837077482e68c26dcdfaa4027",
      "program_sha256": "ee3d1d927a4bd56b6f63f4fe8d69e2673842144f50c814f52d7cd391e535132c",
      "returncode": 0,
      "stdout": "independent normalization/preservation examples passed\r\n",
      "stderr": ""
    },
    {
      "label": "independent_D",
      "candidate_id": "ee8f775c728d24c40507664e7a7db8b7ec79fe5e6684f2f2275995f1058b6bc6",
      "program_sha256": "7c71309eacf0cbc6a1b5aedaa823b303d3d011eb41d9d1f82b65fad9e8f18b13",
      "returncode": 1,
      "stdout": "",
      "stderr": "Traceback (most recent call last):\r\n  File \"C:\\Users\\danmc\\AppData\\Local\\Temp\\orbit-independent-ji1iwqx5\\_independent_review.py\", line 11, in <module>\r\n    assert codec_footer(value)=='C9::'+value.strip().upper()\r\n           ^^^^^^^^^^^^^^^^^^^^^^^^^^^^^^^^^^^^^^^^^^^^^^^^^\r\nAssertionError\r\n"
    }
  ],
  "recovery": [
    {
      "phase": "B",
      "target": "codec/label.py",
      "exact_applicable_recovery_before_first_edit": true,
      "support": [
        {
          "id": "C08",
          "phase": "B",
          "original_result": "RES-0006",
          "producing_sequence": 6,
          "raw_sha256": "e73d2f7f505b6a97726e1abd2218fb38383ee732e1db653ac25ab5924d731620",
          "observed_candidate_id": "5c6e6a38b665a8e961dc1c3e0258165b10f764cbe24fa10d704f8902acc8f173",
          "input_candidate_id": "5c6e6a38b665a8e961dc1c3e0258165b10f764cbe24fa10d704f8902acc8f173",
          "candidate_matches_current": true,
          "observation": "compatibility observation\nmarker=A3::\nvalidity=current_candidate_only\n"
        },
        {
          "id": "C09",
          "phase": "B",
          "original_result": "RES-0006",
          "producing_sequence": 6,
          "raw_sha256": "e73d2f7f505b6a97726e1abd2218fb38383ee732e1db653ac25ab5924d731620",
          "observed_candidate_id": "5c6e6a38b665a8e961dc1c3e0258165b10f764cbe24fa10d704f8902acc8f173",
          "input_candidate_id": "5c6e6a38b665a8e961dc1c3e0258165b10f764cbe24fa10d704f8902acc8f173",
          "candidate_matches_current": true,
          "observation": "compatibility observation\nmarker=A3::\nvalidity=current_candidate_only\n"
        }
      ]
    },
    {
      "phase": "C",
      "target": "codec/header.py",
      "exact_applicable_recovery_before_first_edit": true,
      "support": [
        {
          "id": "C18",
          "phase": "C",
          "original_result": "RES-0020",
          "producing_sequence": 20,
          "raw_sha256": "e06357eac42c017f40295eb7d0334f1e8b9d35bd9b60e2667bcb03d6b17b7bdb",
          "observed_candidate_id": "d35e558331165bd9d435abf5ff3322fd7912d98837077482e68c26dcdfaa4027",
          "input_candidate_id": "d35e558331165bd9d435abf5ff3322fd7912d98837077482e68c26dcdfaa4027",
          "candidate_matches_current": true,
          "observation": "compatibility observation\nmarker=B6::\nvalidity=current_candidate_only\n"
        }
      ]
    },
    {
      "phase": "D",
      "target": "codec/footer.py",
      "exact_applicable_recovery_before_first_edit": false,
      "support": []
    }
  ],
  "metrics": {
    "sent_requests": 21,
    "complete_responses_processed": 21,
    "sent_input_tokens": 332381,
    "generated_tokens_observed": 19936,
    "missing_generation_usage": 0,
    "model_request_seconds_observed": 3189.3259999996517,
    "missing_request_duration": 0,
    "response_processing_seconds_observed": 311.6109999999171,
    "peak_sent_input_tokens": 22780,
    "peak_generated_tokens": 3171,
    "peak_input_plus_generation": 24771
  }
}
