{
  "metrics": {
    "sent_requests": 3,
    "complete_responses_processed": 3,
    "sent_input_tokens": 67855,
    "generated_tokens_observed": 12858,
    "missing_generation_usage": 0,
    "model_request_seconds_observed": 918.5620000000345,
    "missing_request_duration": 0,
    "response_processing_seconds_observed": 14.782999999937601,
    "peak_sent_input_tokens": 22893,
    "peak_generated_tokens": 7231,
    "peak_input_plus_generation": 29386
  },
  "operations": 4,
  "candidate_id": "c880924bc283743b17d054df83b3848c38700a713e461740b41b50e0981c9f30",
  "changed_files": [
    "src/addressable_information_layer/verifiers.py"
  ],
  "changed_functions": [
    "_safe_relative_path"
  ],
  "checks": [
    [
      "original_public",
      0
    ],
    [
      "original_hidden",
      0
    ],
    [
      "parent_expanded_public",
      0
    ],
    [
      "successor_composition_public",
      0
    ]
  ]
}
