{
  "status": "scoped_reporting_corrected",
  "parent_job": [
    {
      "sequence": 25,
      "first_check": true,
      "basis": "action_allowance_only_not_runtime_admission",
      "calls_remaining_before": 72,
      "calls_remaining_after": 71,
      "accepted": true,
      "passed": false,
      "check_patch_recheck_submit_fits_before": true,
      "patch_recheck_submit_fits_after_failure": true
    },
    {
      "sequence": 28,
      "first_check": false,
      "basis": "action_allowance_only_not_runtime_admission",
      "calls_remaining_before": 69,
      "calls_remaining_after": 68,
      "accepted": true,
      "passed": true,
      "check_patch_recheck_submit_fits_before": true,
      "patch_recheck_submit_fits_after_failure": null
    }
  ],
  "current_job": [
    {
      "sequence": 31,
      "first_check": true,
      "basis": "action_allowance_only_not_runtime_admission",
      "calls_remaining_before": 35,
      "calls_remaining_after": 34,
      "accepted": true,
      "passed": true,
      "check_patch_recheck_submit_fits_before": true,
      "patch_recheck_submit_fits_after_failure": null
    }
  ],
  "raw_continuation_recomputed_history": [
    {
      "accepted": true,
      "basis": "action_allowance_only_not_runtime_admission",
      "calls_remaining_after": 40,
      "calls_remaining_before": 41,
      "check_patch_recheck_submit_fits_before": true,
      "first_check": true,
      "passed": false,
      "patch_recheck_submit_fits_after_failure": true,
      "sequence": 25
    },
    {
      "accepted": true,
      "basis": "action_allowance_only_not_runtime_admission",
      "calls_remaining_after": 37,
      "calls_remaining_before": 38,
      "check_patch_recheck_submit_fits_before": true,
      "first_check": false,
      "passed": true,
      "patch_recheck_submit_fits_after_failure": null,
      "sequence": 28
    },
    {
      "accepted": true,
      "basis": "action_allowance_only_not_runtime_admission",
      "calls_remaining_after": 34,
      "calls_remaining_before": 35,
      "check_patch_recheck_submit_fits_before": true,
      "first_check": false,
      "passed": true,
      "patch_recheck_submit_fits_after_failure": null,
      "sequence": 31
    }
  ],
  "script_sha256": "adfb0789ec292eda2778b10b06dee43baf6d8e2b0dab83c8d94bfa60935eea18",
  "explanation": "The generic terminal report applies the new65-operation limit to inherited checks originally made under96. Its inherited rows are not historical allowance observations. Preserve sealed output; use original parent rows and only new-job rows here. No model input or execution counter was affected. Future continuation reporting must carry the job interval and declared limit."
}
